---
http_interactions:
- request:
    method: get
    uri: https://hacker-news.firebaseio.com/v0/topstories.json?print=pretty
    body:
      encoding: US-ASCII
      string: ''
    headers:
      User-Agent:
      - Faraday v0.9.1
      Accept-Encoding:
      - gzip;q=1.0,deflate;q=0.6,identity;q=0.3
      Accept:
      - "*/*"
  response:
    status:
      code: 200
      message: OK
    headers:
      Content-Length:
      - '4503'
      Strict-Transport-Security:
      - max-age=31556926; includeSubDomains; preload
      Content-Type:
      - application/json; charset=utf-8
      Cache-Control:
      - no-cache
    body:
      encoding: UTF-8
      string: |
        [ 9632604, 9632928, 9633051, 9632894, 9633098, 9631773, 9631580, 9633161, 9632852, 9633294, 9632566, 9632535, 9631526, 9633080, 9631418, 9632751, 9631810, 9633108, 9631949, 9630431, 9633038, 9632883, 9633210, 9633170, 9632070, 9631971, 9631554, 9632279, 9632025, 9631809, 9631587, 9632397, 9630587, 9632822, 9631986, 9633216, 9631595, 9630873, 9630875, 9630508, 9630483, 9632694, 9630463, 9632039, 9630335, 9630502, 9632724, 9632003, 9625840, 9631070, 9631820, 9632606, 9631825, 9630621, 9631840, 9632731, 9632672, 9630825, 9631144, 9625641, 9630718, 9633209, 9632872, 9630913, 9632735, 9632214, 9629979, 9632255, 9629466, 9631739, 9631569, 9632024, 9632461, 9632446, 9628857, 9632384, 9623281, 9631598, 9631592, 9633063, 9628555, 9629714, 9625862, 9623609, 9629797, 9630845, 9632977, 9624673, 9630243, 9629785, 9626970, 9631864, 9631378, 9631544, 9630082, 9628682, 9628967, 9631755, 9631437, 9626985, 9630111, 9629982, 9620224, 9624476, 9629868, 9629341, 9629667, 9625786, 9625473, 9626432, 9629488, 9632469, 9629418, 9627732, 9622949, 9624105, 9628550, 9631603, 9631753, 9617330, 9626888, 9630793, 9628073, 9627280, 9625890, 9622048, 9629663, 9627426, 9625048, 9630203, 9628895, 9631361, 9628416, 9631362, 9631889, 9630781, 9630730, 9630862, 9630668, 9623506, 9630437, 9631472, 9631819, 9632229, 9631995, 9632152, 9622325, 9632450, 9631068, 9632708, 9631333, 9630274, 9632125, 9609955, 9632044, 9631015, 9631969, 9627260, 9626256, 9625290, 9624737, 9624348, 9624942, 9631332, 9629623, 9620292, 9631421, 9628601, 9625471, 9624043, 9623791, 9629747, 9625622, 9627197, 9629461, 9616946, 9625919, 9631344, 9631245, 9630455, 9623142, 9602954, 9631203, 9619375, 9626801, 9615519, 9624987, 9624672, 9628654, 9624947, 9625916, 9629708, 9625654, 9619757, 9626596, 9624753, 9626095, 9625772, 9624267, 9624707, 9624806, 9624610, 9617710, 9619920, 9628131, 9630304, 9630291, 9623757, 9604049, 9628997, 9626551, 9622001, 9626686, 9624247, 9622622, 9626951, 9624361, 9626079, 9622773, 9624114, 9629720, 9628400, 9617268, 9616034, 9626953, 9629799, 9628983, 9609545, 9620561, 9611219, 9629871, 9626989, 9614279, 9623211, 9613118, 9625297, 9629297, 9625994, 9621257, 9629866, 9628444, 9624951, 9617483, 9622452, 9624878, 9622569, 9624703, 9626404, 9624019, 9616126, 9628167, 9626839, 9584325, 9629719, 9625649, 9597348, 9616629, 9624236, 9613672, 9596618, 9628276, 9628040, 9614993, 9603859, 9616691, 9628848, 9598527, 9602591, 9619641, 9628406, 9628311, 9627900, 9625929, 9624967, 9558976, 9628145, 9627401, 9623911, 9627206, 9624597, 9626552, 9623119, 9623016, 9629875, 9626484, 9609286, 9627697, 9627607, 9611710, 9621828, 9627379, 9628383, 9625633, 9628710, 9609019, 9628575, 9624118, 9624688, 9622993, 9628128, 9626843, 9620853, 9627213, 9616810, 9612152, 9627940, 9619282, 9625058, 9624271, 9625694, 9628177, 9626959, 9626384, 9626792, 9624842, 9624844, 9629262, 9612345, 9624836, 9628578, 9628844, 9628349, 9624252, 9627230, 9588128, 9627278, 9624943, 9613192, 9625428, 9623733, 9627773, 9622212, 9628087, 9623936, 9622711, 9592928, 9603125, 9543005, 9604333, 9610851, 9626197, 9597811, 9613848, 9624731, 9624002, 9611807, 9623885, 9622267, 9630572, 9610854, 9625316, 9625624, 9624552, 9621833, 9628299, 9627825, 9627678, 9620367, 9626957, 9602567, 9626080, 9617022, 9622618, 9590694, 9563501, 9506642, 9605337, 9625995, 9623697, 9610590, 9617480, 9621495, 9621218, 9618661, 9612438, 9611621, 9550629, 9582060, 9575404, 9615238, 9604714, 9544728, 9531389, 9547026, 9592082, 9495493, 9631045, 9572915, 9567772, 9630656, 9497264, 9342994, 9392583, 9545558, 9040841, 9571026, 8975735, 8123207, 9513007, 7928008, 9626931, 1596607, 9224999, 8361012, 7360549, 8460664, 7523719, 8243912, 1358257, 9629462, 9630095, 9625229, 9627107, 9627030, 9627051, 9621872, 9625565, 9626268, 9627430, 9619975, 9623943, 9626825, 9624162, 9619257, 9626930, 9625456, 9622782, 9624780, 9621561, 9624123, 9623351, 9614985, 9624822, 9625672, 9626409, 9616425, 9626364, 9609887, 9624604, 9615680, 9588901, 9621011, 9622060, 9625413, 9624367, 9623777, 9624793, 9625457, 9619367, 9625449, 9616583, 9618827, 9625592, 9622953, 9621880, 9619849, 9625148, 9618522, 9623052, 9581225, 9622733, 9607247, 9614601, 9615797, 9616356, 9605108, 9610234, 9628491, 9509188, 9604820, 9580871, 9368031, 9626965, 9625655, 9548465, 9432107, 8981003, 6069353, 7580180, 5446008, 9627860, 9624022, 9621797, 9620204, 9619729, 9621081, 9620017, 9623679, 9617933, 9621999, 9618672, 9622147, 9619702, 9622258, 9623364, 9622726, 9623273, 9621417, 9622499, 9624377 ]
    http_version: 
  recorded_at: Sun, 31 May 2015 07:36:45 GMT
- request:
    method: get
    uri: https://hacker-news.firebaseio.com/v0/item/9632604.json?print=pretty
    body:
      encoding: US-ASCII
      string: ''
    headers:
      User-Agent:
      - Faraday v0.9.1
      Accept-Encoding:
      - gzip;q=1.0,deflate;q=0.6,identity;q=0.3
      Accept:
      - "*/*"
  response:
    status:
      code: 200
      message: OK
    headers:
      Content-Length:
      - '626'
      Strict-Transport-Security:
      - max-age=31556926; includeSubDomains; preload
      Content-Type:
      - application/json; charset=utf-8
      Cache-Control:
      - no-cache
    body:
      encoding: UTF-8
      string: |
        {
          "by" : "slg",
          "descendants" : 76,
          "id" : 9632604,
          "kids" : [ 9633026, 9632870, 9632942, 9633053, 9632782, 9632846, 9632801, 9633058, 9632862, 9632981, 9632899, 9632787, 9633259, 9632881, 9633213, 9632772, 9632930, 9632861, 9633324, 9633128 ],
          "score" : 239,
          "text" : "",
          "time" : 1433035332,
          "title" : "Lego Universe's Dong Detection Problem",
          "type" : "story",
          "url" : "http://www.exquisitetweets.com/tweets?eids=SOlZp2L8I8.SOl4CsO6YC.SOmhNAiuES.SOmlJ2T2Gq.SOmpjeGn1w.SOmwta15gX.SOmB4207kO.SOmJPgkOFU.SOmOl1j08a.SOmW0jPTRA.SOm72fKFfE.SOncwNl2SP.SOnlkgH05k.SOntnuAhGw.SOqg0uZR8K.SOqkXGJtbU.SOqrXBJruS"
        }
    http_version: 
  recorded_at: Sun, 31 May 2015 07:36:45 GMT
- request:
    method: get
    uri: https://hacker-news.firebaseio.com/v0/user/slg.json?print=pretty
    body:
      encoding: US-ASCII
      string: ''
    headers:
      User-Agent:
      - Faraday v0.9.1
      Accept-Encoding:
      - gzip;q=1.0,deflate;q=0.6,identity;q=0.3
      Accept:
      - "*/*"
  response:
    status:
      code: 200
      message: OK
    headers:
      Content-Length:
      - '3246'
      Strict-Transport-Security:
      - max-age=31556926; includeSubDomains; preload
      Content-Type:
      - application/json; charset=utf-8
      Cache-Control:
      - no-cache
    body:
      encoding: UTF-8
      string: |
        {
          "about" : "",
          "created" : 1363735020,
          "delay" : 0,
          "id" : "slg",
          "karma" : 2286,
          "submitted" : [ 9632604, 9626324, 9622636, 9615038, 9612732, 9612413, 9606484, 9585661, 9583362, 9513110, 9507654, 9482757, 9429881, 9417478, 9415288, 9411502, 9409234, 9390892, 9389618, 9389507, 9389475, 9389326, 9368617, 9342677, 9330629, 9330187, 9330009, 9328994, 9307867, 9307626, 9293482, 9293316, 9291495, 9285433, 9285409, 9271033, 9270413, 9240824, 9239495, 9213774, 9192963, 9172338, 9141474, 9140425, 9122258, 9122152, 9121869, 9120780, 9115158, 9102390, 9097461, 9082557, 9065084, 8975187, 8961112, 8954311, 8950234, 8936173, 8893965, 8893897, 8864251, 8863988, 8854078, 8848019, 8840823, 8822709, 8822634, 8788971, 8764961, 8763368, 8706389, 8706199, 8705951, 8705757, 8700729, 8696099, 8683523, 8683336, 8599357, 8557791, 8542322, 8540581, 8539736, 8535839, 8535584, 8530332, 8488364, 8474046, 8468253, 8466668, 8466634, 8433349, 8424153, 8422187, 8419028, 8390583, 8389679, 8385450, 8383707, 8373423, 8352995, 8352571, 8330837, 8320632, 8243743, 8212736, 8174339, 8173662, 8168507, 8168503, 8154394, 8150078, 8111248, 8111153, 8110847, 8103857, 8082205, 8082054, 8081965, 8081148, 8055813, 8055753, 8055729, 8055255, 8054252, 8049999, 8049945, 8048458, 8043228, 8022421, 7891246, 7875269, 7796938, 7733746, 7716962, 7683339, 7681810, 7674563, 7606936, 7601425, 7601380, 7601279, 7594050, 7556402, 7548460, 7512157, 7468285, 7468002, 7425867, 7425726, 7375717, 7280128, 7278851, 7265348, 7236027, 7233467, 7228383, 7219718, 7219235, 7197424, 7178921, 7147200, 7146324, 7140015, 7132876, 7131669, 7131565, 7110232, 7110082, 7073466, 7073372, 7071826, 7070874, 6931721, 6931646, 6930864, 6929556, 6896966, 6891892, 6889800, 6889678, 6889613, 6884191, 6883250, 6883157, 6882848, 6864281, 6864042, 6862332, 6851032, 6844156, 6844087, 6763497, 6734081, 6729485, 6698170, 6698004, 6655463, 6648195, 6648182, 6637734, 6637572, 6636402, 6636331, 6629801, 6601021, 6594823, 6588212, 6560960, 6534841, 6516156, 6509589, 6496814, 6496571, 6486034, 6482961, 6479844, 6470451, 6445438, 6432441, 6432438, 6432300, 6406379, 6382925, 6382183, 6375003, 6356640, 6335914, 6332560, 6331248, 6302492, 6296679, 6293397, 6282018, 6281656, 6281449, 6278532, 6266052, 6265984, 6254160, 6253872, 6253810, 6199944, 6189007, 6182289, 6175061, 6148629, 6091647, 6017211, 5966344, 5966198, 5954739, 5941617, 5936279, 5934439, 5920297, 5919877, 5919419, 5919208, 5915475, 5901813, 5895045, 5894493, 5881793, 5881150, 5880889, 5876738, 5876506, 5871405, 5865533, 5863850, 5863475, 5863051, 5842758, 5842616, 5840879, 5840800, 5826735, 5814706, 5814553, 5801518, 5788031, 5787632, 5787602, 5783602, 5764691, 5759812, 5759446, 5747287, 5746937, 5740792, 5720431, 5713357, 5709756, 5699472, 5687811, 5687390, 5687195, 5687148, 5687066, 5681477, 5668935, 5665541, 5645393, 5629274, 5628607, 5628523, 5628324, 5615915, 5615395, 5604866, 5604604, 5598022, 5597404, 5596350, 5596335, 5596053, 5573773, 5573399, 5568327, 5568167, 5567140, 5565670, 5563236, 5544654, 5541604, 5541592, 5541564, 5535515, 5528991, 5527313, 5526940, 5526934, 5513283, 5501001, 5500018, 5489047, 5457812, 5455649, 5455611, 5437695, 5429450, 5421243, 5419140, 5418827, 5417233, 5416959, 5410371 ]
        }
    http_version: 
  recorded_at: Sun, 31 May 2015 07:36:47 GMT
- request:
    method: get
    uri: https://hacker-news.firebaseio.com/v0/item/9632928.json?print=pretty
    body:
      encoding: US-ASCII
      string: ''
    headers:
      User-Agent:
      - Faraday v0.9.1
      Accept-Encoding:
      - gzip;q=1.0,deflate;q=0.6,identity;q=0.3
      Accept:
      - "*/*"
  response:
    status:
      code: 200
      message: OK
    headers:
      Content-Length:
      - '362'
      Strict-Transport-Security:
      - max-age=31556926; includeSubDomains; preload
      Content-Type:
      - application/json; charset=utf-8
      Cache-Control:
      - no-cache
    body:
      encoding: UTF-8
      string: |
        {
          "by" : "uladzislau",
          "descendants" : 16,
          "id" : 9632928,
          "kids" : [ 9633122, 9633329, 9633257, 9633326, 9633149 ],
          "score" : 65,
          "time" : 1433042700,
          "title" : "The improbable rise and fall of Couchsurfing",
          "type" : "story",
          "url" : "http://kernelmag.dailydot.com/issue-sections/features-issue-sections/13124/life-and-death-couchsurfing/"
        }
    http_version: 
  recorded_at: Sun, 31 May 2015 07:36:48 GMT
- request:
    method: get
    uri: https://hacker-news.firebaseio.com/v0/user/uladzislau.json?print=pretty
    body:
      encoding: US-ASCII
      string: ''
    headers:
      User-Agent:
      - Faraday v0.9.1
      Accept-Encoding:
      - gzip;q=1.0,deflate;q=0.6,identity;q=0.3
      Accept:
      - "*/*"
  response:
    status:
      code: 200
      message: OK
    headers:
      Content-Length:
      - '10140'
      Strict-Transport-Security:
      - max-age=31556926; includeSubDomains; preload
      Content-Type:
      - application/json; charset=utf-8
      Cache-Control:
      - no-cache
    body:
      encoding: UTF-8
      string: |
        {
          "about" : "http:&#x2F;&#x2F;uladzislau.com\nuladzislau(at)gmail.com",
          "created" : 1301583134,
          "delay" : 0,
          "id" : "uladzislau",
          "karma" : 6797,
          "submitted" : [ 9632928, 9632927, 9615295, 9615286, 9613227, 9607841, 9600601, 9598594, 9596506, 9591528, 9583361, 9576683, 9576396, 9555925, 9548773, 9545244, 9542042, 9542024, 9536742, 9536563, 9529403, 9519866, 9519853, 9500026, 9493996, 9477715, 9477697, 9476032, 9473295, 9469818, 9467084, 9455897, 9447034, 9441991, 9440309, 9437849, 9432608, 9405278, 9402014, 9013000, 9012878, 8945660, 8945478, 8872279, 8833404, 8803322, 8777482, 8777340, 8756104, 8747582, 8744271, 8711300, 8709840, 8708790, 8692107, 8669625, 8660989, 8651540, 8646910, 8646699, 8640041, 8617005, 8613030, 8600642, 8581595, 8575943, 8544040, 8531028, 8526051, 8510280, 8501276, 8489186, 8484450, 8484274, 8480570, 8477491, 8474888, 8474885, 8457396, 8455861, 8437274, 8412731, 8405021, 8402497, 8394176, 8385826, 8382336, 8379564, 8379559, 8376631, 8357876, 8343985, 8341898, 8341050, 8336773, 8332259, 8324839, 8321076, 8320846, 8317876, 8316236, 8315540, 8312696, 8312516, 8311842, 8303723, 8303695, 8301808, 8297594, 8295308, 8293785, 8291809, 8287273, 8283688, 8276378, 8272723, 8261984, 8261255, 8254030, 8253228, 8247559, 8243675, 8243396, 8231141, 8231139, 8227026, 8211693, 8206319, 8199011, 8196328, 8190603, 8189730, 8186789, 8186776, 8186076, 8184629, 8174369, 8169279, 8159028, 8153858, 8139677, 8131252, 8131020, 8124680, 8122372, 8116420, 8101883, 8101841, 8098286, 8092601, 8092518, 8089204, 8089097, 8087630, 8084064, 8083189, 8083074, 8080356, 8071176, 8071161, 8063406, 8061897, 8060253, 8050224, 8038433, 8033091, 8023940, 8009933, 7967387, 7943308, 7919864, 7901612, 7900850, 7898710, 7896632, 7896192, 7892434, 7885595, 7864726, 7862553, 7838620, 7811801, 7809200, 7787917, 7769072, 7714325, 7707653, 7697785, 7612613, 7611450, 7611195, 7588408, 7584093, 7576561, 7576519, 7566222, 7565766, 7562566, 7559205, 7553894, 7553660, 7539467, 7532791, 7531867, 7528630, 7527833, 7519346, 7501019, 7495142, 7494748, 7494329, 7479429, 7458419, 7458406, 7457080, 7455250, 7454506, 7450001, 7445384, 7445058, 7443943, 7440414, 7439908, 7437866, 7437703, 7429629, 7414732, 7412981, 7410457, 7410361, 7404884, 7401300, 7399645, 7399547, 7396474, 7390048, 7380228, 7379083, 7372783, 7370989, 7370930, 7369228, 7366977, 7366548, 7366040, 7363579, 7361177, 7357373, 7354986, 7353416, 7351029, 7350944, 7346910, 7342308, 7323247, 7316072, 7314874, 7313580, 7312073, 7305725, 7305343, 7303409, 7302032, 7297749, 7293992, 7286831, 7285852, 7285821, 7277947, 7274504, 7273646, 7267373, 7266969, 7265734, 7265542, 7263905, 7263895, 7257888, 7256740, 7256730, 7255042, 7247635, 7246188, 7242438, 7242428, 7241257, 7241006, 7235745, 7229119, 7229108, 7228100, 7224378, 7218714, 7217607, 7212878, 7212495, 7205951, 7201910, 7197755, 7196963, 7196383, 7192875, 7192842, 7188217, 7187915, 7185944, 7180463, 7175503, 7173709, 7164921, 7164598, 7163821, 7163561, 7161678, 7161669, 7160783, 7159995, 7156489, 7155132, 7151117, 7148373, 7145830, 7140490, 7138092, 7137553, 7134797, 7132778, 7131111, 7128907, 7128255, 7126097, 7123343, 7121150, 7121148, 7119127, 7119061, 7115814, 7106202, 7095739, 7093699, 7089536, 7084394, 7081502, 7080392, 7079615, 7079591, 7077894, 7075939, 7074515, 7069625, 7069464, 7060954, 7060929, 7055560, 7051257, 7047143, 7043879, 7041695, 7037785, 7036425, 7036420, 7027932, 7027923, 7011641, 7011093, 7009561, 7009136, 7008459, 7007954, 7007064, 7000796, 6991958, 6984659, 6972388, 6946782, 6946774, 6943221, 6941751, 6941686, 6930132, 6928296, 6921518, 6921330, 6902981, 6902549, 6900620, 6894456, 6883371, 6882990, 6874629, 6874509, 6872738, 6864236, 6855091, 6844286, 6837131, 6834531, 6824576, 6824515, 6823655, 6821764, 6817078, 6817066, 6816164, 6816154, 6812713, 6805411, 6804908, 6804623, 6787495, 6787429, 6787367, 6782070, 6766372, 6766340, 6765080, 6765075, 6754442, 6754338, 6749076, 6744521, 6744507, 6736429, 6730788, 6718625, 6717956, 6715843, 6715827, 6711912, 6709011, 6706891, 6705594, 6705288, 6704544, 6703049, 6702983, 6701894, 6700057, 6699047, 6696306, 6694496, 6693894, 6691646, 6675920, 6673357, 6672305, 6671735, 6671726, 6670500, 6668352, 6663313, 6662136, 6655826, 6653550, 6647603, 6645047, 6643156, 6639535, 6636864, 6632180, 6630650, 6620222, 6619729, 6619052, 6618915, 6618025, 6612638, 6602853, 6599007, 6596565, 6594511, 6588508, 6588465, 6580149, 6580125, 6579775, 6578474, 6574571, 6574552, 6574445, 6574064, 6568739, 6568120, 6565563, 6565524, 6562891, 6562881, 6558014, 6540844, 6540681, 6540455, 6535059, 6532630, 6531072, 6527208, 6521016, 6514784, 6510949, 6508279, 6504959, 6499428, 6498924, 6498604, 6492799, 6492773, 6492522, 6492199, 6492173, 6490837, 6489827, 6489175, 6486404, 6477151, 6476493, 6472596, 6465156, 6465081, 6463218, 6460371, 6459756, 6453792, 6452200, 6451170, 6450280, 6444282, 6437903, 6434030, 6428084, 6423145, 6422945, 6422883, 6422048, 6415788, 6415424, 6401683, 6401673, 6401639, 6400683, 6400181, 6400153, 6399372, 6399352, 6399263, 6393333, 6389938, 6382406, 6381901, 6369313, 6363921, 6355739, 6354697, 6354490, 6350830, 6350528, 6348672, 6345559, 6345040, 6344716, 6344673, 6344642, 6343207, 6342631, 6336281, 6335466, 6333814, 6330647, 6328635, 6321681, 6321652, 6321516, 6312508, 6311541, 6305152, 6301345, 6300128, 6279353, 6278336, 6278298, 6272530, 6270424, 6270336, 6269973, 6269960, 6268764, 6268642, 6263362, 6261531, 6261176, 6259379, 6251836, 6240920, 6239034, 6231841, 6230622, 6220875, 6212961, 6211045, 6209984, 6209905, 6209900, 6208358, 6207906, 6202788, 6200605, 6199079, 6199027, 6197133, 6171937, 6171910, 6168859, 6163192, 6162376, 6160991, 6160233, 6152903, 6152884, 6152140, 6151000, 6147243, 6144918, 6144906, 6144849, 6138794, 6124236, 6070094, 6064921, 6060898, 6056191, 6056156, 6054896, 6053583, 6051999, 6046633, 6003819, 6002781, 6002498, 6002113, 5994875, 5993068, 5988776, 5988769, 5935486, 5935183, 5934807, 5927326, 5923430, 5922592, 5918956, 5915833, 5907644, 5905325, 5899154, 5897203, 5895803, 5894432, 5888547, 5888368, 5885184, 5882441, 5877745, 5877739, 5864234, 5863293, 5862098, 5851986, 5848998, 5847061, 5843104, 5801759, 5779719, 5775156, 5774434, 5771069, 5768843, 5765964, 5765959, 5762495, 5762468, 5750743, 5750458, 5750446, 5748924, 5741532, 5734215, 5731934, 5729605, 5729021, 5713866, 5694194, 5694086, 5692521, 5690503, 5689686, 5683764, 5683342, 5680203, 5677974, 5671955, 5671772, 5662467, 5659873, 5650794, 5647015, 5641436, 5640404, 5639996, 5638889, 5636512, 5636485, 5632067, 5631997, 5626062, 5625975, 5625855, 5624150, 5624031, 5622679, 5616914, 5615541, 5589246, 5583744, 5579299, 5571649, 5571636, 5571512, 5570820, 5565307, 5558304, 5553655, 5540841, 5536177, 5536151, 5529559, 5527825, 5527289, 5523363, 5511681, 5508704, 5504209, 5502466, 5492685, 5492668, 5486071, 5482777, 5474772, 5465611, 5462969, 5457739, 5455592, 5453234, 5453129, 5453108, 5444581, 5436783, 5434725, 5425594, 5411670, 5410027, 5391743, 5385596, 5385577, 5385404, 5384115, 5383788, 5378993, 5378153, 5377090, 5372142, 5362032, 5357533, 5354718, 5354539, 5351922, 5344018, 5342203, 5341925, 5336348, 5336048, 5308428, 5305341, 5302938, 5302933, 5302618, 5301885, 5301325, 5295909, 5290737, 5289907, 5288957, 5288943, 5287082, 5286052, 5285725, 5284186, 5276790, 5276691, 5275482, 5272462, 5264457, 5264445, 5257729, 5257712, 5255086, 5252387, 5252275, 5250771, 5247347, 5245755, 5235747, 5230177, 5226677, 5219890, 5216214, 5213363, 5213309, 5212600, 5201844, 5198813, 5191862, 5191847, 5180555, 5180500, 5180401, 5172066, 5172026, 5168236, 5161435, 5159715, 5154847, 5154836, 5139589, 5137781, 5137775, 5132186, 5131527, 5130461, 5129895, 5126651, 5121444, 5121044, 5115532, 5114215, 5113271, 5112172, 5106271, 5095661, 5089025, 5087266, 5083636, 5083485, 5082817, 5076317, 5070086, 5055446, 5055422, 5053407, 5053401, 5053373, 5041579, 5041150, 5041137, 5035720, 5010454, 4997749, 4992039, 4992034, 4992029, 4991372, 4987404, 4975548, 4960960, 4953144, 4946656, 4946317, 4939659, 4935875, 4913577, 4902805, 4885594, 4880014, 4859947, 4844901, 4837831, 4807296, 4799737, 4782041, 4768390, 4761237, 4760766, 4759002, 4725486, 4723107, 4720100, 4714818, 4713221, 4709189, 4708988, 4708985, 4704694, 4684540, 4656411, 4652715, 4650358, 4648656, 4647756, 4642338, 4642114, 4641492, 4639281, 4634942, 4628779, 4622625, 4620355, 4617445, 4608082, 4607963, 4607940, 4607914, 4600599, 4594919, 4594914, 4591771, 4591757, 4589971, 4588249, 4588243, 4577041, 4576575, 4575395, 4565571, 4559951, 4556616, 4556583, 4552459, 4552179, 4541572, 4534031, 4532633, 4528042, 4524119, 4524098, 4514881, 4512977, 4508366, 4508226, 4508006, 4507998, 4494853, 4494532, 4457875, 4447970, 4447143, 4447142, 4445475, 4441682, 4435910, 4430502, 4420672, 4414684, 4414675, 4414665, 4414147, 4413892, 4412641, 4412632, 4405168, 4404744, 4402850, 4401064, 4394991, 4394703, 4393537, 4391598, 4391542, 4385707, 4385671, 4382873, 4382839, 4381858, 4380813, 4378625, 4378075, 4377951, 4377936, 4377926, 4375430, 4375300, 4374449, 4373276, 4372747, 4370685, 4369995, 4369414, 4368945, 4363878, 4363823, 4361128, 4359578, 4359541, 4359169, 4358969, 4358961, 4345403, 4345388, 4335289, 4335198, 4331598, 4326836, 4318032, 4315761, 4315711, 4315677, 4309685, 4299888, 4299563, 4299548, 4291041, 4273023, 4269295, 4268751, 4254247, 4253664, 4232521, 4180442, 4159930, 4055170, 3839973, 3791511, 3768806, 3663076, 3574159, 3572811, 3517456, 3514307, 3439664, 3316866, 3214352, 3031745, 3005172, 2998949, 2990006, 2980782, 2972508, 2955804, 2923333, 2918975, 2916635, 2905643, 2901794, 2895024, 2895002, 2894994, 2880144, 2880142, 2880097, 2877856, 2861981, 2860617, 2855082, 2853090, 2853060, 2851030, 2848819, 2847796, 2847741, 2847674, 2842991, 2840825, 2840783, 2840753, 2838122, 2837854, 2833016, 2830220, 2830200, 2826557, 2824659, 2821325, 2821297, 2820230, 2820209, 2820141, 2815261, 2812404, 2810184, 2810156, 2807223, 2805698, 2791850, 2791759, 2786459, 2779032, 2778887, 2778790, 2776761, 2772128, 2772095, 2769698, 2761107, 2743360, 2741363, 2735000, 2731232, 2727753, 2715754, 2710798, 2410803 ]
        }
    http_version: 
  recorded_at: Sun, 31 May 2015 07:36:50 GMT
- request:
    method: get
    uri: https://hacker-news.firebaseio.com/v0/item/9633051.json?print=pretty
    body:
      encoding: US-ASCII
      string: ''
    headers:
      User-Agent:
      - Faraday v0.9.1
      Accept-Encoding:
      - gzip;q=1.0,deflate;q=0.6,identity;q=0.3
      Accept:
      - "*/*"
  response:
    status:
      code: 200
      message: OK
    headers:
      Content-Length:
      - '361'
      Strict-Transport-Security:
      - max-age=31556926; includeSubDomains; preload
      Content-Type:
      - application/json; charset=utf-8
      Cache-Control:
      - no-cache
    body:
      encoding: UTF-8
      string: |
        {
          "by" : "mml",
          "descendants" : 7,
          "id" : 9633051,
          "kids" : [ 9633310, 9633370, 9633333, 9633354 ],
          "score" : 39,
          "text" : "",
          "time" : 1433045918,
          "title" : "Why do airplane windows have tiny holes?",
          "type" : "story",
          "url" : "http://www.slate.com/blogs/the_eye/2015/05/29/what_s_that_thing_why_are_there_holes_in_airplane_windows.html"
        }
    http_version: 
  recorded_at: Sun, 31 May 2015 07:36:51 GMT
- request:
    method: get
    uri: https://hacker-news.firebaseio.com/v0/user/mml.json?print=pretty
    body:
      encoding: US-ASCII
      string: ''
    headers:
      User-Agent:
      - Faraday v0.9.1
      Accept-Encoding:
      - gzip;q=1.0,deflate;q=0.6,identity;q=0.3
      Accept:
      - "*/*"
  response:
    status:
      code: 200
      message: OK
    headers:
      Content-Length:
      - '2686'
      Strict-Transport-Security:
      - max-age=31556926; includeSubDomains; preload
      Content-Type:
      - application/json; charset=utf-8
      Cache-Control:
      - no-cache
    body:
      encoding: UTF-8
      string: |
        {
          "about" : "",
          "created" : 1228848332,
          "delay" : 0,
          "id" : "mml",
          "karma" : 1094,
          "submitted" : [ 9633051, 9608887, 9607297, 9598784, 9586165, 9557769, 9553222, 9541680, 9541675, 9528774, 9511477, 9489788, 9483418, 9482131, 9481735, 9481703, 9457703, 9450208, 9438737, 9438527, 9433351, 9433278, 9431086, 9419976, 9411811, 9407629, 9407526, 9403995, 9403078, 9400025, 9400014, 9399995, 9399960, 9399936, 9399848, 9398126, 9374127, 9340425, 9315719, 9287087, 9246715, 9209229, 9208776, 9186220, 9156905, 9103902, 9089915, 9068620, 9068613, 9064097, 9056907, 9012240, 8969833, 8962409, 8920746, 8919723, 8873903, 8854631, 8832475, 8814925, 8752014, 8667655, 8618181, 8594926, 8544220, 8515080, 8514971, 8511175, 8367006, 8359475, 8358891, 8311499, 8257373, 8088725, 7858021, 7609042, 7587104, 7583880, 7581665, 7556792, 7538117, 7407869, 7373905, 7373526, 7373500, 7369856, 7338339, 7279764, 7275186, 7260209, 7218593, 7197263, 7123406, 7105327, 7034627, 7032943, 6966917, 6962127, 6937180, 6907051, 6896947, 6896753, 6865006, 6842684, 6828358, 6815983, 6815958, 6815945, 6815925, 6804386, 6801940, 6784380, 6747274, 6747262, 6747178, 6737365, 6692591, 6643058, 6620462, 6576551, 6521457, 6164301, 6129215, 6129151, 5792614, 5579507, 5433936, 5405029, 5298786, 5260908, 5091733, 4941104, 4895309, 4743959, 4664836, 4188856, 4089361, 4085089, 3946525, 3943634, 3820027, 3820012, 3820000, 3795567, 3791424, 3758527, 3756619, 3725792, 3725710, 3725690, 3725681, 3713201, 3675545, 3624969, 3584150, 3488147, 3481032, 3466115, 3437983, 3432070, 3418105, 3416137, 3413913, 3413823, 3406632, 3400809, 3385069, 3373667, 3373659, 3358199, 3340363, 3277513, 3232202, 3230816, 3212745, 3211264, 3198746, 3181595, 3155994, 3154058, 3130692, 3093807, 3079880, 3078633, 3062727, 3062704, 3044630, 3044623, 2963205, 2941300, 2928212, 2895079, 2890977, 2811804, 2787778, 2786484, 2786476, 2786022, 2785333, 2785321, 2785228, 2773283, 2746651, 2626051, 2621958, 2606722, 2542665, 2509726, 2502934, 2496895, 2456057, 2448064, 2402960, 2378230, 2336061, 2299621, 2299609, 2299590, 2174744, 2114481, 2038362, 2024410, 2024287, 2024187, 2015118, 1932574, 1926193, 1924581, 1922469, 1922325, 1914721, 1912160, 1906164, 1879298, 1823678, 1818292, 1772946, 1738008, 1737959, 1710471, 1671728, 1651396, 1625315, 1620389, 1619025, 1617351, 1614155, 1614154, 1614141, 1605161, 1602518, 1555528, 1540104, 1525812, 1515813, 1500468, 1485162, 1483217, 1435482, 1427509, 1390488, 1390459, 1387916, 1367185, 1340862, 1334262, 1334246, 1334202, 1333255, 1298752, 1276660, 1270483, 1240281, 1240148, 1230483, 1157034, 1156920, 1134055, 1126747, 1116977, 1069913, 1060013, 1045130, 1028571, 999145, 854280 ]
        }
    http_version: 
  recorded_at: Sun, 31 May 2015 07:36:52 GMT
- request:
    method: get
    uri: https://hacker-news.firebaseio.com/v0/item/9632894.json?print=pretty
    body:
      encoding: US-ASCII
      string: ''
    headers:
      User-Agent:
      - Faraday v0.9.1
      Accept-Encoding:
      - gzip;q=1.0,deflate;q=0.6,identity;q=0.3
      Accept:
      - "*/*"
  response:
    status:
      code: 200
      message: OK
    headers:
      Content-Length:
      - '262'
      Strict-Transport-Security:
      - max-age=31556926; includeSubDomains; preload
      Content-Type:
      - application/json; charset=utf-8
      Cache-Control:
      - no-cache
    body:
      encoding: UTF-8
      string: |
        {
          "by" : "moonka",
          "descendants" : 0,
          "id" : 9632894,
          "score" : 35,
          "text" : "",
          "time" : 1433041973,
          "title" : "Reefer tapes of Louis Armstrong",
          "type" : "story",
          "url" : "http://www.booyorkcity.com/secret-reefer-tapes-of-louis-armstrong/"
        }
    http_version: 
  recorded_at: Sun, 31 May 2015 07:36:53 GMT
- request:
    method: get
    uri: https://hacker-news.firebaseio.com/v0/user/moonka.json?print=pretty
    body:
      encoding: US-ASCII
      string: ''
    headers:
      User-Agent:
      - Faraday v0.9.1
      Accept-Encoding:
      - gzip;q=1.0,deflate;q=0.6,identity;q=0.3
      Accept:
      - "*/*"
  response:
    status:
      code: 200
      message: OK
    headers:
      Content-Length:
      - '908'
      Strict-Transport-Security:
      - max-age=31556926; includeSubDomains; preload
      Content-Type:
      - application/json; charset=utf-8
      Cache-Control:
      - no-cache
    body:
      encoding: UTF-8
      string: |
        {
          "about" : "",
          "created" : 1383337486,
          "delay" : 0,
          "id" : "moonka",
          "karma" : 149,
          "submitted" : [ 9632894, 9622041, 9563125, 9476065, 9456151, 9361684, 9314104, 9247572, 9228508, 9179019, 9141120, 9133364, 9124804, 9109731, 9097296, 9097290, 9095666, 9059137, 8993381, 8924193, 8915713, 8914018, 8905770, 8884064, 8854579, 8841722, 8828217, 8828205, 8813549, 8768584, 8765706, 8765405, 8755839, 8755796, 8746201, 8746055, 8744235, 8725945, 8708852, 8695128, 8676307, 8661078, 8660191, 8600317, 8599564, 8565345, 8539839, 8525756, 8505629, 8499568, 8498943, 8474781, 8474777, 8441482, 8333442, 8299783, 8266800, 8100497, 7736021, 7716940, 7642044, 7624523, 7611419, 7608197, 7595551, 7570475, 7536181, 7535288, 7423390, 7420125, 7419254, 7367248, 7302521, 7285352, 7285349, 7204552, 7200228, 7139778, 7041467, 6962058, 6948174, 6852106, 6844395, 6809962, 6772793, 6699264, 6681606, 6656745 ]
        }
    http_version: 
  recorded_at: Sun, 31 May 2015 07:36:54 GMT
- request:
    method: get
    uri: https://hacker-news.firebaseio.com/v0/item/9633098.json?print=pretty
    body:
      encoding: US-ASCII
      string: ''
    headers:
      User-Agent:
      - Faraday v0.9.1
      Accept-Encoding:
      - gzip;q=1.0,deflate;q=0.6,identity;q=0.3
      Accept:
      - "*/*"
  response:
    status:
      code: 200
      message: OK
    headers:
      Content-Length:
      - '433'
      Strict-Transport-Security:
      - max-age=31556926; includeSubDomains; preload
      Content-Type:
      - application/json; charset=utf-8
      Cache-Control:
      - no-cache
    body:
      encoding: UTF-8
      string: |
        {
          "by" : "tintinnabula",
          "descendants" : 1,
          "id" : 9633098,
          "kids" : [ 9633254, 9633234 ],
          "score" : 18,
          "text" : "",
          "time" : 1433046944,
          "title" : "Massive triumphal marble arch built by Romans to honour Emperor Titus discovered",
          "type" : "story",
          "url" : "http://www.telegraph.co.uk/news/worldnews/europe/italy/11638975/Massive-triumphal-marble-arch-built-by-Romans-to-honour-Emperor-Titus-discovered.html"
        }
    http_version: 
  recorded_at: Sun, 31 May 2015 07:36:55 GMT
- request:
    method: get
    uri: https://hacker-news.firebaseio.com/v0/user/tintinnabula.json?print=pretty
    body:
      encoding: US-ASCII
      string: ''
    headers:
      User-Agent:
      - Faraday v0.9.1
      Accept-Encoding:
      - gzip;q=1.0,deflate;q=0.6,identity;q=0.3
      Accept:
      - "*/*"
  response:
    status:
      code: 200
      message: OK
    headers:
      Content-Length:
      - '203'
      Strict-Transport-Security:
      - max-age=31556926; includeSubDomains; preload
      Content-Type:
      - application/json; charset=utf-8
      Cache-Control:
      - no-cache
    body:
      encoding: UTF-8
      string: |
        {
          "about" : "",
          "created" : 1424224267,
          "delay" : 0,
          "id" : "tintinnabula",
          "karma" : 295,
          "submitted" : [ 9633098, 9616035, 9606197, 9486800, 9478790, 9453366, 9434718, 9412157, 9280082 ]
        }
    http_version: 
  recorded_at: Sun, 31 May 2015 07:36:56 GMT
- request:
    method: get
    uri: https://hacker-news.firebaseio.com/v0/item/9631773.json?print=pretty
    body:
      encoding: US-ASCII
      string: ''
    headers:
      User-Agent:
      - Faraday v0.9.1
      Accept-Encoding:
      - gzip;q=1.0,deflate;q=0.6,identity;q=0.3
      Accept:
      - "*/*"
  response:
    status:
      code: 200
      message: OK
    headers:
      Content-Length:
      - '469'
      Strict-Transport-Security:
      - max-age=31556926; includeSubDomains; preload
      Content-Type:
      - application/json; charset=utf-8
      Cache-Control:
      - no-cache
    body:
      encoding: UTF-8
      string: |
        {
          "by" : "ValG",
          "descendants" : 56,
          "id" : 9631773,
          "kids" : [ 9631937, 9631965, 9632504, 9631948, 9631931, 9632282, 9632633, 9631934, 9631938, 9633231, 9631942, 9631997 ],
          "score" : 147,
          "text" : "",
          "time" : 1433020202,
          "title" : "Italian boy survives being trapped underwater for 42 minutes",
          "type" : "story",
          "url" : "http://www.independent.co.uk/news/world/europe/italian-boy-survives-being-trapped-underwater-for-42-minutes-10280563.html"
        }
    http_version: 
  recorded_at: Sun, 31 May 2015 07:36:57 GMT
- request:
    method: get
    uri: https://hacker-news.firebaseio.com/v0/user/ValG.json?print=pretty
    body:
      encoding: US-ASCII
      string: ''
    headers:
      User-Agent:
      - Faraday v0.9.1
      Accept-Encoding:
      - gzip;q=1.0,deflate;q=0.6,identity;q=0.3
      Accept:
      - "*/*"
  response:
    status:
      code: 200
      message: OK
    headers:
      Content-Length:
      - '1944'
      Strict-Transport-Security:
      - max-age=31556926; includeSubDomains; preload
      Content-Type:
      - application/json; charset=utf-8
      Cache-Control:
      - no-cache
    body:
      encoding: UTF-8
      string: |
        {
          "about" : "valgui at gmail.com\nFormerly employee #1 at MobileWorks (YC &#x27;11)<p>Currently co-founder of Instamotor.com",
          "created" : 1331732509,
          "delay" : 0,
          "id" : "ValG",
          "karma" : 709,
          "submitted" : [ 9631773, 9625717, 9621563, 9591491, 9547040, 9527506, 9395243, 9370041, 9317479, 9293646, 9293557, 9070682, 8958699, 8651144, 8570942, 8560304, 8524499, 8505635, 8403238, 8217537, 8044831, 8040755, 7926333, 7912873, 7689504, 7683754, 7657020, 7656573, 7536302, 7536292, 7536270, 7536245, 7535482, 7535473, 7535435, 7535387, 7535376, 7534881, 7534868, 7534855, 7534839, 7534826, 7534810, 7534781, 7534490, 7534413, 7534316, 7534306, 7534239, 7534231, 7534226, 7534186, 7534129, 7534125, 7534047, 7534035, 7534027, 7534010, 7533956, 7533817, 7533804, 7533797, 7533531, 7533383, 7533368, 7430651, 7423240, 7402662, 7197722, 7167828, 7159765, 7036024, 6974551, 6806720, 6752550, 6738358, 6738007, 6699641, 6680231, 6679917, 6642800, 6635241, 6492539, 6433124, 6395203, 6383214, 6375439, 6278809, 6150523, 6107263, 6107049, 6107035, 6098766, 6072716, 5913352, 5872959, 5813723, 5672478, 5642826, 5591545, 5555588, 5520915, 5491302, 5436279, 5205123, 5154151, 5118320, 5117112, 5117096, 5069196, 5069185, 5069000, 5068876, 4953765, 4674845, 4637027, 4637001, 4636991, 4636531, 4627450, 4627426, 4616409, 4616406, 4614718, 4582842, 4534671, 4522113, 4522065, 4484262, 4481620, 4481618, 4477596, 4474590, 4447037, 4443198, 4441522, 4418913, 4418873, 4416807, 4414369, 4413125, 4413115, 4412675, 4407802, 4407779, 4398404, 4398400, 4396903, 4386069, 4385601, 4384419, 4383569, 4362463, 4324669, 4303684, 4302477, 4302476, 4302138, 4301871, 4189180, 4188989, 4097139, 3946270, 3946237, 3785600, 3785346, 3783765, 3782014, 3781852, 3781650, 3781643, 3781550, 3781529, 3742007, 3729322, 3729280, 3726328, 3724850, 3724804, 3724596, 3718723, 3718695, 3708943, 3708936, 3704015, 3703709, 3703450, 3703443, 3703363, 3703345, 3703165 ]
        }
    http_version: 
  recorded_at: Sun, 31 May 2015 07:36:59 GMT
- request:
    method: get
    uri: https://hacker-news.firebaseio.com/v0/item/9631580.json?print=pretty
    body:
      encoding: US-ASCII
      string: ''
    headers:
      User-Agent:
      - Faraday v0.9.1
      Accept-Encoding:
      - gzip;q=1.0,deflate;q=0.6,identity;q=0.3
      Accept:
      - "*/*"
  response:
    status:
      code: 200
      message: OK
    headers:
      Content-Length:
      - '410'
      Strict-Transport-Security:
      - max-age=31556926; includeSubDomains; preload
      Content-Type:
      - application/json; charset=utf-8
      Cache-Control:
      - no-cache
    body:
      encoding: UTF-8
      string: |
        {
          "by" : "vladaionescu",
          "descendants" : 46,
          "id" : 9631580,
          "kids" : [ 9633255, 9633120, 9632363, 9632678, 9632653, 9631582, 9631786, 9632320 ],
          "score" : 133,
          "text" : "",
          "time" : 1433016581,
          "title" : "Yesterday's best-practices are today's HTTP/2 anti-patterns",
          "type" : "story",
          "url" : "https://docs.google.com/presentation/d/1r7QXGYOLCh4fcUq0jDdDwKJWNqWK1o4xMtYpKZCJYjM/present"
        }
    http_version: 
  recorded_at: Sun, 31 May 2015 07:37:00 GMT
- request:
    method: get
    uri: https://hacker-news.firebaseio.com/v0/user/vladaionescu.json?print=pretty
    body:
      encoding: US-ASCII
      string: ''
    headers:
      User-Agent:
      - Faraday v0.9.1
      Accept-Encoding:
      - gzip;q=1.0,deflate;q=0.6,identity;q=0.3
      Accept:
      - "*/*"
  response:
    status:
      code: 200
      message: OK
    headers:
      Content-Length:
      - '272'
      Strict-Transport-Security:
      - max-age=31556926; includeSubDomains; preload
      Content-Type:
      - application/json; charset=utf-8
      Cache-Control:
      - no-cache
    body:
      encoding: UTF-8
      string: |
        {
          "about" : "Developer motivated by work that solves real-world problems.",
          "created" : 1347173919,
          "delay" : 0,
          "id" : "vladaionescu",
          "karma" : 143,
          "submitted" : [ 9632813, 9632017, 9631582, 9631580, 9409372, 9401001, 6161889, 4649685, 4649624, 4649337 ]
        }
    http_version: 
  recorded_at: Sun, 31 May 2015 07:37:02 GMT
- request:
    method: get
    uri: https://hacker-news.firebaseio.com/v0/item/9633161.json?print=pretty
    body:
      encoding: US-ASCII
      string: ''
    headers:
      User-Agent:
      - Faraday v0.9.1
      Accept-Encoding:
      - gzip;q=1.0,deflate;q=0.6,identity;q=0.3
      Accept:
      - "*/*"
  response:
    status:
      code: 200
      message: OK
    headers:
      Content-Length:
      - '304'
      Strict-Transport-Security:
      - max-age=31556926; includeSubDomains; preload
      Content-Type:
      - application/json; charset=utf-8
      Cache-Control:
      - no-cache
    body:
      encoding: UTF-8
      string: |
        {
          "by" : "ekianjo",
          "descendants" : 0,
          "id" : 9633161,
          "score" : 10,
          "text" : "",
          "time" : 1433048674,
          "title" : "SSD: How to Optimize Your Solid State Drive for Linux",
          "type" : "story",
          "url" : "https://sites.google.com/site/easylinuxtipsproject/ssd#TOC-Avoid-exaggerated-measures"
        }
    http_version: 
  recorded_at: Sun, 31 May 2015 07:37:02 GMT
- request:
    method: get
    uri: https://hacker-news.firebaseio.com/v0/user/ekianjo.json?print=pretty
    body:
      encoding: US-ASCII
      string: ''
    headers:
      User-Agent:
      - Faraday v0.9.1
      Accept-Encoding:
      - gzip;q=1.0,deflate;q=0.6,identity;q=0.3
      Accept:
      - "*/*"
  response:
    status:
      code: 200
      message: OK
    headers:
      Content-Length:
      - '31066'
      Strict-Transport-Security:
      - max-age=31556926; includeSubDomains; preload
      Content-Type:
      - application/json; charset=utf-8
      Cache-Control:
      - no-cache
    body:
      encoding: UTF-8
      string: |
        {
          "about" : "Current interests: Everything GNU&#x2F;Linux related, Video Games, Python, OpenPandora, DragonBox Pyra, Raspberry Pi, Hacker News Events, Japan and Asia more broadly.<p>http:&#x2F;&#x2F;www.pandoralive.info<p>Co-organizer of HN Kansai (West Japan) Meetups.<p>Contact: ekianjo ----[at]---- gmail",
          "created" : 1297239639,
          "delay" : 0,
          "id" : "ekianjo",
          "karma" : 7292,
          "submitted" : [ 9633251, 9633239, 9633161, 9618419, 9618412, 9618350, 9616774, 9616734, 9616703, 9616653, 9616642, 9610753, 9610640, 9609683, 9605034, 9603820, 9592400, 9592392, 9580912, 9580832, 9580627, 9580152, 9575206, 9575200, 9574199, 9568453, 9568165, 9554666, 9554661, 9554657, 9554649, 9554639, 9554627, 9544998, 9544954, 9544932, 9536967, 9536956, 9536835, 9531434, 9531006, 9530981, 9530850, 9530675, 9530597, 9529832, 9529609, 9529601, 9529568, 9524924, 9524584, 9524389, 9522999, 9522372, 9522369, 9522364, 9522293, 9522240, 9522228, 9522189, 9518772, 9518454, 9518402, 9518396, 9518383, 9518376, 9515653, 9512760, 9511144, 9509685, 9503822, 9503723, 9503680, 9503635, 9503321, 9503293, 9503246, 9502997, 9502840, 9495881, 9486889, 9486875, 9486858, 9486812, 9486740, 9486635, 9485834, 9470005, 9469983, 9469699, 9469175, 9468934, 9468912, 9468715, 9465437, 9465347, 9464942, 9463323, 9463256, 9463211, 9463208, 9463196, 9463134, 9463107, 9463032, 9463018, 9451916, 9451910, 9444666, 9444348, 9444136, 9442654, 9438672, 9438258, 9437454, 9437448, 9437438, 9426977, 9426437, 9425376, 9425094, 9424882, 9424834, 9412866, 9412692, 9402930, 9399388, 9394636, 9393999, 9392885, 9392875, 9392522, 9391766, 9391762, 9391724, 9373713, 9373698, 9373600, 9373444, 9372096, 9372093, 9371411, 9367139, 9367127, 9366883, 9366302, 9365707, 9365701, 9365643, 9362713, 9362696, 9362584, 9362513, 9362439, 9362434, 9362367, 9362294, 9362096, 9361892, 9358065, 9352457, 9351956, 9339747, 9339262, 9339197, 9339193, 9339186, 9339143, 9339140, 9332073, 9332043, 9331605, 9331595, 9323590, 9323294, 9323027, 9323018, 9322902, 9309022, 9302073, 9294830, 9294755, 9294741, 9294501, 9294499, 9294323, 9287442, 9284720, 9284665, 9249601, 9249600, 9230032, 9225435, 9225355, 9225331, 9210368, 9209573, 9209380, 9209178, 9196109, 9196069, 9196021, 9195079, 9182137, 9177093, 9177030, 9175924, 9171702, 9171622, 9170439, 9170430, 9170422, 9170417, 9170410, 9169422, 9169413, 9169405, 9169398, 9169371, 9169364, 9169341, 9169335, 9169331, 9169328, 9169320, 9169308, 9155522, 9150341, 9150307, 9144479, 9143683, 9143065, 9142988, 9131938, 9129820, 9129806, 9129799, 9129380, 9129369, 9129365, 9126168, 9126089, 9126059, 9126037, 9125771, 9125769, 9125765, 9125758, 9118884, 9116943, 9105872, 9099233, 9099221, 9099216, 9092942, 9092878, 9092869, 9092864, 9079603, 9079026, 9078295, 9073542, 9072663, 9072600, 9067565, 9056447, 9056401, 9056393, 9056385, 9056381, 9056373, 9056367, 9043848, 9043841, 9042731, 9042688, 9042679, 9042588, 9042582, 9042566, 9042558, 9027722, 9027652, 9027180, 9027029, 9019282, 9016785, 9013478, 9006929, 9006844, 8988884, 8984273, 8984039, 8984032, 8984029, 8979659, 8972609, 8970579, 8970057, 8970050, 8969419, 8967456, 8959559, 8959541, 8959531, 8959486, 8959470, 8959451, 8959432, 8959423, 8959418, 8959390, 8959370, 8959116, 8959107, 8958083, 8958073, 8956984, 8952242, 8951103, 8946271, 8946113, 8945830, 8945808, 8945652, 8945624, 8945531, 8945528, 8945386, 8945383, 8945362, 8945094, 8945074, 8933688, 8932802, 8928807, 8928802, 8928607, 8928254, 8927814, 8927795, 8927503, 8927340, 8922053, 8921393, 8921385, 8921234, 8921136, 8920815, 8920806, 8920612, 8920560, 8920365, 8910670, 8910390, 8910049, 8909726, 8906382, 8903954, 8903447, 8899185, 8897318, 8897175, 8890325, 8890314, 8890307, 8890288, 8890282, 8886025, 8885967, 8885927, 8885919, 8885269, 8884766, 8884357, 8884199, 8884089, 8884081, 8883846, 8880188, 8879225, 8879131, 8878023, 8878019, 8878016, 8870311, 8870261, 8860862, 8860698, 8849451, 8849442, 8849420, 8838888, 8838884, 8838802, 8838797, 8838783, 8838771, 8838470, 8838467, 8838461, 8831231, 8831207, 8831201, 8831078, 8828646, 8828591, 8825885, 8814317, 8814313, 8808899, 8804289, 8798796, 8789120, 8788892, 8788760, 8788674, 8788624, 8788615, 8788606, 8788595, 8788587, 8788581, 8788570, 8788418, 8788396, 8788385, 8788375, 8788365, 8788354, 8788319, 8788306, 8788281, 8785354, 8783151, 8782595, 8765370, 8762269, 8761567, 8761538, 8751596, 8751432, 8751427, 8751181, 8751180, 8750925, 8750851, 8750793, 8704783, 8694476, 8694398, 8692854, 8692794, 8691284, 8687616, 8687491, 8679940, 8679732, 8679529, 8670552, 8669258, 8662311, 8652981, 8651590, 8648069, 8645009, 8645001, 8644842, 8634466, 8634115, 8628041, 8623457, 8622626, 8622309, 8622054, 8621983, 8621937, 8617640, 8617498, 8617224, 8617067, 8617065, 8617000, 8616992, 8616988, 8616974, 8616949, 8616943, 8616707, 8616691, 8616685, 8616680, 8613599, 8613287, 8610800, 8601180, 8601176, 8601169, 8601164, 8599943, 8599889, 8599877, 8599860, 8599716, 8599532, 8599526, 8590111, 8589822, 8589817, 8589248, 8589203, 8589177, 8588939, 8588624, 8587775, 8587764, 8587756, 8584524, 8584512, 8584497, 8584477, 8584461, 8550871, 8550567, 8550285, 8550109, 8546960, 8546897, 8546866, 8542079, 8539256, 8539184, 8539146, 8539141, 8539132, 8537823, 8537811, 8531343, 8524478, 8503220, 8503171, 8501632, 8496903, 8495766, 8491644, 8487900, 8486061, 8480856, 8480276, 8480226, 8480213, 8478668, 8476970, 8475466, 8445294, 8436244, 8436241, 8436234, 8436142, 8436134, 8431884, 8431875, 8430968, 8425537, 8420713, 8420658, 8420609, 8420273, 8420157, 8420155, 8415486, 8415383, 8414971, 8414739, 8414185, 8414169, 8414159, 8408533, 8400794, 8399532, 8393571, 8393505, 8393225, 8392979, 8392827, 8392817, 8392805, 8392794, 8392790, 8392722, 8392716, 8392713, 8392678, 8392658, 8392654, 8392651, 8392421, 8388421, 8387988, 8387981, 8387955, 8387418, 8387364, 8371883, 8371872, 8371869, 8371749, 8371648, 8371174, 8370929, 8370831, 8370703, 8370701, 8366837, 8365920, 8365861, 8365850, 8365539, 8353741, 8353698, 8353693, 8350689, 8350620, 8350559, 8350496, 8350451, 8350443, 8350379, 8350352, 8350333, 8350327, 8329530, 8329058, 8329015, 8328983, 8328520, 8328503, 8328229, 8322064, 8318718, 8318575, 8318494, 8318262, 8318233, 8317917, 8317830, 8317790, 8317502, 8317417, 8317404, 8317383, 8317375, 8314038, 8302519, 8295058, 8294687, 8294659, 8294586, 8294499, 8294482, 8294478, 8294455, 8294448, 8294442, 8294433, 8294426, 8289353, 8289348, 8289023, 8283485, 8283473, 8283425, 8283360, 8283359, 8273076, 8272857, 8272765, 8272610, 8272361, 8272352, 8272282, 8272174, 8272162, 8263305, 8262307, 8261767, 8261712, 8260754, 8257677, 8255569, 8253123, 8252684, 8245807, 8241680, 8241580, 8241572, 8241557, 8241526, 8241521, 8241517, 8241495, 8241297, 8241266, 8241224, 8241200, 8241165, 8236738, 8235844, 8235366, 8232114, 8220496, 8220485, 8218400, 8218181, 8218119, 8218079, 8218052, 8218046, 8217989, 8212502, 8210810, 8210732, 8206954, 8197022, 8196579, 8196228, 8196112, 8196054, 8195671, 8195544, 8195487, 8191772, 8191645, 8191598, 8191342, 8191097, 8191089, 8189624, 8189572, 8189505, 8189265, 8189055, 8189050, 8189009, 8188987, 8188898, 8188896, 8188794, 8188632, 8188330, 8188324, 8188310, 8186009, 8185867, 8180852, 8173509, 8171737, 8171697, 8171439, 8171433, 8171427, 8162120, 8161719, 8161706, 8161693, 8161340, 8151450, 8147929, 8147854, 8147139, 8142858, 8141068, 8140979, 8140974, 8140948, 8140943, 8140714, 8140432, 8140324, 8140309, 8140153, 8140140, 8140135, 8131832, 8131774, 8131733, 8131283, 8130926, 8130422, 8130359, 8130295, 8130178, 8106001, 8102886, 8101102, 8100759, 8099729, 8097142, 8097131, 8095477, 8095448, 8094812, 8092763, 8091611, 8091610, 8083365, 8079322, 8079317, 8079246, 8079020, 8079017, 8078979, 8078807, 8077792, 8067055, 8063893, 8060277, 8059788, 8059736, 8057807, 8051525, 8051300, 8051221, 8048201, 8047725, 8046997, 8046184, 8046019, 8045667, 8036029, 8035414, 8035413, 8031343, 8029821, 8029731, 8029730, 8027613, 8024212, 8009090, 8004892, 8004876, 8004871, 8004618, 8004598, 8004435, 8004415, 8004407, 8004397, 8004333, 8004314, 7996916, 7994702, 7994255, 7994254, 7993929, 7992245, 7992244, 7992137, 7991638, 7991637, 7991261, 7981839, 7981045, 7976846, 7975023, 7971071, 7961668, 7961620, 7961350, 7961033, 7961027, 7961011, 7960775, 7960629, 7958539, 7948133, 7948105, 7947548, 7947511, 7941720, 7941628, 7941546, 7941492, 7938044, 7932418, 7932232, 7930902, 7930673, 7930670, 7924120, 7919917, 7919118, 7915952, 7909153, 7908969, 7908714, 7908710, 7907942, 7907809, 7907773, 7904709, 7902716, 7902713, 7898739, 7898060, 7898057, 7897699, 7897687, 7897685, 7897681, 7897668, 7897653, 7897641, 7897635, 7897476, 7897472, 7897049, 7897043, 7897036, 7897008, 7897002, 7896905, 7896892, 7896750, 7896748, 7896744, 7895389, 7894840, 7894145, 7892842, 7892824, 7892820, 7887656, 7887214, 7881786, 7877016, 7876197, 7876122, 7872758, 7872060, 7871930, 7868266, 7867714, 7867621, 7867558, 7867541, 7867009, 7866890, 7864547, 7863719, 7856887, 7856798, 7856779, 7856767, 7856745, 7856717, 7856708, 7856507, 7856501, 7856486, 7856475, 7856358, 7856111, 7855911, 7850739, 7850340, 7850280, 7850274, 7844182, 7844148, 7844059, 7843928, 7843898, 7843892, 7843741, 7843677, 7843628, 7841011, 7840999, 7840695, 7840462, 7840034, 7839860, 7839845, 7839796, 7839707, 7839693, 7839617, 7839602, 7838483, 7838329, 7838100, 7838086, 7838057, 7837989, 7837985, 7837968, 7833487, 7832228, 7831916, 7831891, 7831789, 7831300, 7825577, 7825060, 7820268, 7820248, 7820233, 7820223, 7819930, 7819924, 7819892, 7819726, 7815763, 7815432, 7815429, 7815425, 7815421, 7815022, 7814927, 7814877, 7814247, 7814231, 7814024, 7802356, 7799304, 7798748, 7798675, 7798474, 7798457, 7798424, 7798409, 7798385, 7798307, 7792266, 7788667, 7788235, 7788228, 7788043, 7788033, 7788015, 7787975, 7787963, 7787934, 7782953, 7782587, 7782371, 7782156, 7782136, 7782129, 7781797, 7781785, 7781772, 7781767, 7781756, 7781754, 7781570, 7776650, 7776303, 7776293, 7776181, 7772587, 7772583, 7772559, 7771875, 7771226, 7771103, 7771089, 7770990, 7766568, 7766149, 7766035, 7766028, 7766002, 7765997, 7765990, 7765982, 7762470, 7759839, 7759836, 7753369, 7749992, 7749722, 7749655, 7749351, 7749325, 7749322, 7748644, 7748633, 7748627, 7748619, 7748503, 7748497, 7748417, 7748008, 7747887, 7743474, 7742571, 7741535, 7737584, 7737279, 7737083, 7737058, 7736668, 7736662, 7736651, 7736610, 7731749, 7731476, 7731463, 7731208, 7731098, 7731054, 7730839, 7730837, 7730825, 7727560, 7721683, 7719892, 7719780, 7715477, 7714201, 7714152, 7710047, 7710026, 7710007, 7709975, 7709933, 7709909, 7709629, 7709454, 7709256, 7684465, 7684093, 7678563, 7678552, 7678545, 7678371, 7678301, 7678297, 7678292, 7677938, 7677875, 7677859, 7677770, 7672390, 7672322, 7672073, 7672071, 7671636, 7658549, 7658528, 7658189, 7658169, 7651617, 7644143, 7632407, 7632039, 7626522, 7626485, 7625895, 7620147, 7620144, 7619845, 7609446, 7609441, 7609303, 7607732, 7602712, 7602701, 7602694, 7602687, 7602522, 7602516, 7602511, 7601764, 7601616, 7596624, 7595419, 7595364, 7595352, 7595343, 7595320, 7590535, 7590426, 7590419, 7590408, 7590405, 7590144, 7590129, 7585961, 7584856, 7584461, 7581338, 7581041, 7581038, 7580981, 7580978, 7580975, 7577967, 7577897, 7571641, 7571625, 7567319, 7567057, 7566877, 7566559, 7566386, 7566313, 7566285, 7566263, 7566242, 7564863, 7564846, 7564835, 7564380, 7564375, 7564370, 7564311, 7564297, 7564249, 7564095, 7563984, 7563977, 7551893, 7546126, 7545479, 7545081, 7544718, 7544075, 7540441, 7540183, 7540155, 7531278, 7530714, 7530674, 7530342, 7530341, 7530328, 7530324, 7530263, 7530061, 7530046, 7530036, 7530027, 7529596, 7529557, 7529527, 7529512, 7529505, 7529480, 7529316, 7529309, 7529288, 7529212, 7529165, 7529037, 7529020, 7529005, 7528981, 7528441, 7528407, 7523760, 7521227, 7521156, 7521149, 7520995, 7520992, 7520280, 7520268, 7520229, 7520206, 7520199, 7515912, 7515490, 7515461, 7513883, 7513762, 7513748, 7513150, 7509341, 7506582, 7506483, 7506447, 7506292, 7501567, 7500265, 7500242, 7499931, 7499924, 7499879, 7499743, 7499383, 7499316, 7499197, 7499115, 7499104, 7496211, 7496084, 7496082, 7495806, 7495804, 7495536, 7491695, 7488642, 7488267, 7488232, 7488130, 7488114, 7488097, 7488091, 7485305, 7485286, 7485143, 7485134, 7484865, 7484604, 7480645, 7480629, 7480620, 7480595, 7480442, 7480435, 7480414, 7480382, 7480148, 7480116, 7479969, 7479963, 7479951, 7479945, 7479939, 7479931, 7479794, 7479349, 7478988, 7478338, 7478222, 7478213, 7478132, 7478090, 7478083, 7477942, 7473143, 7472166, 7471935, 7471741, 7471519, 7471309, 7471305, 7471301, 7471269, 7471248, 7471226, 7471222, 7471213, 7471139, 7471123, 7470905, 7470872, 7464736, 7464645, 7464365, 7464150, 7463588, 7463567, 7463513, 7463502, 7463485, 7463272, 7463216, 7463207, 7463197, 7463188, 7463164, 7463160, 7463151, 7463130, 7458798, 7458739, 7458098, 7458031, 7458015, 7457563, 7457382, 7456475, 7456088, 7453743, 7453549, 7453049, 7452908, 7452769, 7452702, 7452019, 7448679, 7447966, 7446871, 7446841, 7446820, 7446540, 7440970, 7440951, 7440577, 7440545, 7436623, 7436597, 7434161, 7434011, 7433999, 7433994, 7433840, 7433744, 7433683, 7433594, 7433581, 7433560, 7433093, 7427514, 7427000, 7426471, 7422670, 7421816, 7420191, 7415234, 7414970, 7413891, 7413774, 7413771, 7413738, 7413432, 7413005, 7412341, 7407788, 7397648, 7397643, 7397624, 7397207, 7397091, 7396977, 7396880, 7396801, 7396786, 7396743, 7396713, 7392660, 7390570, 7390497, 7390490, 7390444, 7390430, 7390407, 7390391, 7390185, 7390111, 7390107, 7389581, 7389542, 7385978, 7383536, 7383527, 7383515, 7383446, 7378155, 7377969, 7377700, 7377680, 7377669, 7377225, 7373470, 7373331, 7373222, 7373154, 7373109, 7373101, 7373048, 7373009, 7372385, 7372377, 7372029, 7371275, 7371263, 7371255, 7371239, 7371231, 7371070, 7370861, 7370766, 7368324, 7364458, 7364412, 7359823, 7359344, 7359197, 7358876, 7358875, 7358716, 7358654, 7352644, 7352539, 7352239, 7352238, 7350919, 7350912, 7345398, 7345306, 7345127, 7344998, 7344986, 7344830, 7344819, 7344667, 7339067, 7339063, 7338921, 7338912, 7338853, 7338838, 7332877, 7332865, 7332851, 7332838, 7332830, 7332470, 7332465, 7332458, 7332455, 7332438, 7317347, 7317265, 7316908, 7316778, 7316771, 7316768, 7316586, 7316570, 7316293, 7311304, 7311293, 7310609, 7310427, 7310188, 7310120, 7309910, 7304698, 7303683, 7303553, 7303548, 7302833, 7302825, 7302779, 7302758, 7302747, 7302516, 7301983, 7301950, 7301596, 7298287, 7298231, 7298160, 7297676, 7296666, 7295709, 7276116, 7275718, 7274636, 7271557, 7271543, 7271469, 7271458, 7271439, 7270053, 7269436, 7269278, 7269190, 7269110, 7268735, 7268594, 7268522, 7261882, 7261875, 7261791, 7251244, 7251240, 7251236, 7250897, 7246356, 7246345, 7246340, 7243901, 7243890, 7242853, 7238604, 7237497, 7237405, 7237394, 7237077, 7237072, 7236950, 7236945, 7236323, 7236307, 7236293, 7230038, 7229907, 7229549, 7228455, 7222901, 7221792, 7217354, 7216966, 7215568, 7209762, 7209546, 7209330, 7209313, 7209301, 7208761, 7204719, 7200124, 7196397, 7195420, 7195242, 7195098, 7195063, 7195032, 7194755, 7190809, 7184136, 7183615, 7183607, 7183304, 7182871, 7182215, 7182201, 7182165, 7182157, 7182081, 7181825, 7181694, 7181593, 7178075, 7177478, 7175994, 7175796, 7165882, 7161518, 7154669, 7154593, 7144477, 7144442, 7144430, 7144411, 7144400, 7144380, 7144146, 7143862, 7143850, 7143793, 7143051, 7143018, 7142938, 7142929, 7141624, 7141594, 7141097, 7141052, 7136285, 7135663, 7135656, 7135393, 7135268, 7135112, 7130744, 7129445, 7129191, 7128298, 7128293, 7125424, 7124813, 7124502, 7124440, 7121090, 7121081, 7120924, 7114473, 7113595, 7113506, 7108624, 7103168, 7101344, 7100226, 7100217, 7100119, 7100081, 7100072, 7093588, 7093151, 7093144, 7093129, 7093114, 7093090, 7093037, 7088230, 7088164, 7088161, 7075709, 7075698, 7075690, 7075631, 7068724, 7068720, 7068620, 7067613, 7067579, 7067555, 7067544, 7055974, 7035534, 7035095, 6961020, 6952878, 6948812, 6939876, 6939869, 6939648, 6933256, 6933203, 6932419, 6928217, 6926749, 6926623, 6926324, 6919426, 6913453, 6913411, 6913364, 6913355, 6913203, 6913185, 6911665, 6904364, 6904037, 6899199, 6899108, 6899090, 6898804, 6898653, 6898592, 6893566, 6893525, 6893517, 6893314, 6893202, 6893140, 6893053, 6893034, 6892601, 6892599, 6892502, 6892325, 6891993, 6887198, 6887189, 6886677, 6886487, 6886462, 6886447, 6885355, 6885292, 6885217, 6878936, 6878898, 6878675, 6878641, 6878625, 6873521, 6873343, 6872897, 6872878, 6872716, 6872417, 6872414, 6872221, 6866864, 6866440, 6866424, 6865986, 6865217, 6862153, 6861909, 6861796, 6861777, 6860234, 6860219, 6860204, 6860138, 6860086, 6860081, 6860078, 6859753, 6859744, 6859658, 6858880, 6858775, 6858770, 6854163, 6853079, 6852622, 6852580, 6852155, 6852116, 6851684, 6847375, 6839245, 6838485, 6833109, 6832301, 6832271, 6832258, 6831991, 6826934, 6798904, 6784493, 6779681, 6778884, 6778881, 6772370, 6772266, 6772181, 6759747, 6759607, 6759239, 6759084, 6758981, 6758976, 6758950, 6758904, 6758851, 6758666, 6758663, 6758652, 6758589, 6753227, 6753158, 6752727, 6752644, 6752582, 6752061, 6747535, 6747299, 6724174, 6724072, 6724064, 6724022, 6723988, 6723887, 6723674, 6716223, 6716132, 6715347, 6715324, 6710301, 6709985, 6709963, 6709745, 6709242, 6706379, 6694739, 6693697, 6693649, 6689506, 6688080, 6688065, 6687710, 6687408, 6687152, 6687015, 6682637, 6682224, 6681782, 6681775, 6681766, 6681651, 6681626, 6681410, 6681385, 6681379, 6681306, 6680652, 6674166, 6673879, 6673343, 6673333, 6672687, 6672452, 6652244, 6652201, 6652189, 6652180, 6652060, 6652019, 6651965, 6651946, 6651925, 6651874, 6651844, 6651840, 6647204, 6647195, 6647062, 6647038, 6647024, 6639977, 6639648, 6639519, 6639361, 6638999, 6638972, 6634424, 6632400, 6631955, 6631939, 6631774, 6631769, 6631365, 6631131, 6631117, 6631109, 6631091, 6631083, 6631077, 6631057, 6627168, 6627158, 6627136, 6627005, 6626807, 6626799, 6626784, 6626636, 6626476, 6626390, 6625932, 6625826, 6625816, 6625778, 6625772, 6625740, 6625731, 6625727, 6625719, 6625629, 6625441, 6625039, 6624811, 6624755, 6624699, 6610410, 6610401, 6610323, 6610244, 6610122, 6610041, 6610002, 6609984, 6609981, 6609976, 6609959, 6603879, 6603146, 6603122, 6597596, 6590316, 6585333, 6585324, 6584997, 6584971, 6584793, 6584782, 6583963, 6582965, 6564271, 6564221, 6563937, 6563845, 6563785, 6563627, 6563616, 6563602, 6563165, 6563050, 6563041, 6562748, 6562742, 6559846, 6559401, 6558897, 6558504, 6558498, 6558251, 6558245, 6558238, 6557734, 6553440, 6553055, 6552997, 6552035, 6550986, 6550866, 6550754, 6550617, 6550500, 6550490, 6550409, 6546422, 6543239, 6541851, 6541249, 6541219, 6537285, 6537270, 6537225, 6531887, 6531611, 6531577, 6530969, 6526898, 6520501, 6519893, 6519882, 6519868, 6519861, 6519393, 6519376, 6518928, 6518845, 6518835, 6501071, 6500974, 6500930, 6500914, 6500485, 6500440, 6500405, 6499873, 6494431, 6494232, 6494202, 6494183, 6493895, 6486449, 6482573, 6481507, 6481495, 6481008, 6475032, 6474984, 6473848, 6473842, 6473837, 6473835, 6473566, 6470336, 6467728, 6467497, 6467478, 6465194, 6461839, 6461524, 6455694, 6455690, 6455682, 6455502, 6450312, 6450284, 6449239, 6448966, 6448608, 6448358, 6448344, 6448333, 6442779, 6442055, 6442049, 6437315, 6437152, 6437151, 6436891, 6436399, 6436113, 6435933, 6435927, 6435917, 6435251, 6435236, 6435226, 6434769, 6428986, 6421341, 6421331, 6412260, 6411474, 6411460, 6404742, 6402818, 6402811, 6402804, 6398309, 6397403, 6397401, 6397103, 6397083, 6396783, 6396776, 6396771, 6396754, 6396577, 6396569, 6378234, 6377990, 6377963, 6377833, 6373240, 6372741, 6372736, 6372723, 6372267, 6372167, 6372156, 6372151, 6372061, 6372049, 6371863, 6371856, 6371848, 6370951, 6338883, 6332117, 6326343, 6325152, 6317820, 6313596, 6313312, 6313186, 6313168, 6312817, 6302567, 6293554, 6291474, 6288469, 6287854, 6287309, 6282843, 6282828, 6282802, 6282787, 6282775, 6280998, 6280984, 6280922, 6280920, 6280838, 6280830, 6280798, 6276709, 6275676, 6275603, 6275544, 6275541, 6275420, 6275395, 6275383, 6275346, 6275309, 6274511, 6274501, 6274464, 6270827, 6270820, 6270812, 6267674, 6262821, 6262489, 6262481, 6262475, 6262422, 6262416, 6261780, 6261283, 6249104, 6248853, 6248827, 6248813, 6247947, 6247725, 6247716, 6236275, 6235342, 6232899, 6232510, 6231888, 6231603, 6224970, 6223180, 6216740, 6216537, 6216475, 6215780, 6205299, 6193770, 6193651, 6183962, 6183943, 6177728, 6173232, 6165679, 6156222, 6155456, 6146131, 6145705, 6145689, 6140128, 6140124, 6131508, 6131456, 6131400, 6125573, 6125563, 6125425, 6125420, 6118799, 6115987, 6115978, 6115964, 6115958, 6115555, 6115547, 6115539, 6107418, 6106619, 6106566, 6106558, 6106081, 6102700, 6102668, 6102660, 6101562, 6101252, 6100886, 6095390, 6094632, 6094606, 6087060, 6082632, 6082126, 6081817, 6081660, 6081467, 6081461, 6081454, 6078988, 6078327, 6074368, 6070948, 6069711, 6069343, 6069276, 6068956, 6068937, 6068933, 6068926, 6068734, 6068633, 6068154, 6067747, 6067658, 6067649, 6063239, 6062334, 6061337, 6058043, 6057988, 6057555, 6057258, 6057248, 6056878, 6056445, 6056440, 6056429, 6056288, 6056203, 6056174, 6056153, 6056126, 6056097, 6056090, 6056086, 6055635, 6051164, 6050291, 6049979, 6049478, 6040593, 6031717, 6031585, 6031578, 6031545, 6031518, 6031467, 6031436, 6031252, 6030940, 6030909, 6030894, 6030437, 6025573, 6025570, 6025567, 6023953, 6020342, 6018969, 6018965, 6018106, 6017933, 6017854, 6017852, 6017632, 6017620, 6017589, 6017560, 6017284, 6017276, 6017131, 6016807, 6016616, 6013150, 6012871, 6012627, 6012611, 6012534, 6012433, 6012427, 6011488, 6010556, 6010551, 6010542, 6010533, 6010515, 6004366, 5997885, 5994017, 5993870, 5993751, 5993747, 5993734, 5993630, 5993618, 5993123, 5991179, 5989781, 5988936, 5988624, 5988567, 5984881, 5984297, 5984139, 5982278, 5982028, 5981707, 5979067, 5975942, 5975930, 5975910, 5975902, 5975894, 5975115, 5974787, 5969024, 5968201, 5968194, 5962319, 5938019, 5937801, 5937695, 5937324, 5936942, 5936926, 5923748, 5923636, 5916744, 5915934, 5910608, 5910600, 5910314, 5910267, 5909798, 5909653, 5909413, 5906385, 5903439, 5903357, 5903249, 5903244, 5898755, 5898236, 5898224, 5898212, 5898129, 5893246, 5883875, 5878698, 5871839, 5867054, 5866947, 5866878, 5866258, 5860592, 5860579, 5860114, 5859870, 5859447, 5859431, 5859425, 5853358, 5852866, 5852856, 5852517, 5852464, 5852452, 5851936, 5848336, 5847496, 5847486, 5847467, 5838088, 5837849, 5837841, 5836460, 5817178, 5816952, 5816892, 5797009, 5796733, 5778936, 5778409, 5778363, 5778274, 5778136, 5777550, 5777534, 5777507, 5777501, 5773864, 5773835, 5773686, 5755447, 5755307, 5755300, 5755296, 5754947, 5754745, 5754741, 5754730, 5749314, 5748360, 5748186, 5737176, 5736675, 5736613, 5736553, 5736421, 5736273, 5736257, 5735843, 5735821, 5735815, 5735812, 5735662, 5735472, 5735463, 5735442, 5735420, 5735412, 5710151, 5709980, 5709652, 5709644, 5709471, 5703845, 5703614, 5703602, 5703594, 5703592, 5703527, 5703430, 5703400, 5703387, 5702809, 5702769, 5702713, 5702684, 5702681, 5702601, 5697579, 5696919, 5696904, 5684589, 5681512, 5679586, 5679565, 5679370, 5679312, 5679267, 5679254, 5678928, 5678785, 5678774, 5671934, 5668056, 5667212, 5667157, 5666975, 5666482, 5659758, 5637095, 5636019, 5635715, 5631156, 5631089, 5631082, 5631066, 5631007, 5630920, 5630460, 5629849, 5625452, 5625283, 5625246, 5625234, 5620340, 5611792, 5599920, 5599916, 5599784, 5593686, 5592787, 5577133, 5575448, 5564805, 5543197, 5518681, 5516741, 5501804, 5459490, 5459064, 5452999, 5398277, 5380658, 5380412, 5372086, 5341836, 5341000, 5336780, 5329793, 5329787, 5329733, 5329009, 5328382, 5316098, 5316047, 5313685, 5296974, 5296868, 5291246, 5290957, 5290671, 5290642, 5285112, 5284260, 5284154, 5278955, 5278469, 5256744, 5256403, 5256399, 5256347, 5255602, 5255575, 5255562, 5255554, 5255289, 5255287, 5255241, 5255225, 5255053, 5255045, 5255041, 5255040, 5255034, 5255031, 5254953, 5254938, 5254865, 5254711, 5254695, 5254684, 5254672, 5254647, 5254640, 5254397, 5249145, 5248766, 5243135, 5242810, 5242780, 5242200, 5242186, 5238360, 5192001, 5191122, 5175513, 5175430, 5169706, 5169561, 5169356, 5169247, 5169218, 5169196, 5169173, 5168851, 5168832, 5168660, 5168263, 5162178, 5162169, 5162160, 5162145, 5162122, 5162118, 5162110, 5162096, 5161965, 5161925, 5160003, 5159993, 5159711, 5159702, 5159614, 5159096, 5144331, 5144008, 5144000, 5142913, 5142835, 5142831, 5142805, 5138606, 5137677, 5132787, 5127376, 5127350, 5127202, 5127144, 5126728, 5126392, 5123766, 5123763, 5123724, 5114313, 5114124, 5114096, 5113953, 5113949, 5113941, 5108729, 5106500, 5106496, 5106479, 5106426, 5102124, 5102110, 5102101, 5102097, 5102080, 5101150, 5101016, 5100728, 5100723, 5096278, 5096230, 5096217, 5096204, 5095937, 5095778, 5095485, 5090066, 5077776, 5076943, 5076533, 5076488, 5071399, 5071381, 5071353, 5070810, 5070476, 5070401, 5065637, 5059157, 5059123, 5059108, 5059095, 5058911, 5058895, 5046686, 4936305, 4935790, 4935466, 4935393, 4935277, 4914313, 4914287, 4897038, 4897032, 4886099, 4881054, 4880772, 4875513, 4874727, 4874534, 4874524, 4869329, 4869052, 4869051, 4868878, 4865053, 4864613, 4864559, 4864537, 4864533, 4858121, 4851795, 4851651, 4851554, 4851201, 4851184, 4851174, 4851169, 4846780, 4846702, 4845482, 4842480, 4842470, 4841448, 4841400, 4840411, 4840326, 4840305, 4836379, 4835805, 4835506, 4835362, 4835285, 4835267, 4834989, 4834985, 4834807, 4830666, 4830403, 4830362, 4830346, 4830036, 4829845, 4818068, 4817580, 4808165, 4808164, 4807633, 4807459, 4807407, 4807364, 4807297, 4807249, 4807242, 4807237, 4803599, 4803271, 4803261, 4802973, 4802665, 4792246, 4788445, 4788438, 4788418, 4787836, 4787835, 4787189, 4787179, 4787167, 4786778, 4786762, 4786755, 4786750, 4786739, 4786597, 4786318, 4781935, 4781860, 4781075, 4778072, 4778060, 4778012, 4777979, 4777935, 4777896, 4777041, 4775866, 4772113, 4771858, 4771857, 4771842, 4771158, 4771151, 4771141, 4769713, 4769706, 4768913, 4756005, 4752531, 4752252, 4751963, 4751928, 4751821, 4751796, 4742536, 4742380, 4742041, 4735888, 4731781, 4731585, 4731564, 4731509, 4731082, 4726384, 4723131, 4722089, 4721978, 4721661, 4721640, 4721504, 4721378, 4720091, 4716676, 4716654, 4716136, 4716014, 4715416, 4711069, 4711008, 4710685, 4709098, 4709091, 4700552, 4698564, 4696837, 4696631, 4696626, 4696435, 4696297, 4695921, 4695882, 4692662, 4692136, 4691279, 4686869, 4682315, 4681713, 4679161, 4678568, 4673072, 4673022, 4673015, 4672678, 4672674, 4669186, 4669159, 4667952, 4667861, 4667815, 4667340, 4667299, 4663044, 4662759, 4662702, 4659300, 4658746, 4657994, 4655067, 4654455, 4654451, 4654235, 4654230, 4654195, 4654025, 4640082, 4635511, 4635323, 4635104, 4635032, 4635014, 4634989, 4634668, 4634659, 4634583, 4617173, 4617170, 4615628, 4615358, 4611262, 4605250, 4596796, 4595772, 4595393, 4595168, 4595117, 4594761, 4580008, 4579124, 4578758, 4556987, 4556978, 4556963, 4556948, 4537019, 4536893, 4536729, 4520848, 4520844, 4520292, 4519497, 4514582, 4514577, 4514572, 4509828, 4509778, 4508825, 4508806, 4508734, 4508404, 4505969, 4505940, 4505912, 4504527, 4504316, 4504156, 4504153, 4504151, 4504079, 4503951, 4503878, 4503768, 4503749, 4503550, 4497828, 4495713, 4488467, 4487228, 4487142, 4482900, 4477375, 4477368, 4472685, 4472555, 4470354, 4469572, 4469083, 4469061, 4458829, 4458723, 4458581, 4452996, 4452317, 4446811, 4446802, 4441972, 4441882, 4441673, 4437948, 4437888, 4437659, 4437650, 4437469, 4432159, 4426497, 4426477, 4420948, 4420915, 4420732, 4415940, 4411763, 4411414, 4411342, 4411327, 4410638, 4406239, 4403256, 4403254, 4364549, 4359821, 4359333, 4359150, 4352992, 4349050, 4349005, 4348906, 4348893, 4344221, 4343596, 4343514, 4334812, 4334808, 4322329, 4322316, 4321918, 4321880, 4321240, 4316606, 4299809, 4299802, 4299436, 4293958, 4293569, 4289522, 4289335, 4288941, 4288890, 4285803, 4279876, 4276516, 4270128, 4270121, 4269980, 4269219, 4269199, 4264795, 4264761, 4264750, 4263917, 4258988, 4254434, 4253921, 4253916, 4237185, 4233629, 4232828, 4232764, 4232332, 4232208, 4232079, 4232063, 4232047, 4231872, 4231857, 4228639, 4228535, 4228509, 4228048, 4221722, 4214360, 4201345, 4201323, 4201310, 4201306, 4201304, 4198541, 4197713, 4197706, 4197392, 4197203, 4197125, 4197098, 4193068, 4170559, 4160996, 4160123, 4160089, 4160073, 4160059, 4151100, 4145996, 4145781, 4145685, 4145196, 4145190, 4141041, 4141038, 4141032, 4141002, 4140932, 4140541, 4140535, 4139898, 4139873, 4139841, 4130177, 4110461, 4110454, 4110398, 4110393, 4110389, 4110366, 4104191, 4099471, 4099446, 4099431, 4099423, 4099238, 4099230, 4082290, 4077919, 4077916, 4077642, 4067917, 4067646, 4067635, 4067621, 4067447, 4067443, 4067440, 4066951, 4066946, 4046124, 4041794, 4036679, 4031992, 4031862, 4022510, 4022222, 4022203, 4021682, 4016396, 4016373, 4016352, 4013515, 4012305, 4012209, 4011717, 4011695, 4010907, 4001223, 4001019, 3990514, 3987177, 3985269, 3985244, 3980449, 3975498, 3975486, 3975436, 3975340, 3974513, 3969040, 3958054, 3958053, 3958018, 3952413, 3952183, 3947843, 3947832, 3947220, 3947209, 3947197, 3914258, 3914235, 3913529, 3913522, 3912975, 3912585, 3912554, 3909839, 3898222, 3898087, 3898079, 3897461, 3897458, 3893232, 3893151, 3892638, 3891474, 3882146, 3870966, 3870958, 3870948, 3870725, 3870500, 3866185, 3866165, 3866152, 3866118, 3866103, 3866087, 3861643, 3861627, 3861129, 3861030, 3857236, 3857064, 3856638, 3856619, 3856002, 3855987, 3855980, 3851878, 3851066, 3850743, 3850731, 3850436, 3850308, 3846710, 3846507, 3846501, 3845486, 3835462, 3835417, 3832730, 3832644, 3832604, 3832579, 3832552, 3832520, 3832472, 3832429, 3832381, 3820372, 3819808, 3816657, 3816580, 3816219, 3816166, 3816146, 3815580, 3805304, 3801888, 3801095, 3797899, 3796139, 3796128, 3796062, 3792669, 3792654, 3792427, 3791120, 3782169, 3782161, 3770238, 3769569, 3765451, 3761225, 3760424, 3755711, 3755604, 3754813, 3754805, 3754656, 3754649, 3743102, 3738280, 3733514, 3733512, 3732645, 3728538, 3722122, 3722057, 3711779, 3711773, 3702629, 3701668, 3701653, 3698068, 3697197, 3696157, 3689657, 3684982, 3684943, 3684633, 3683249, 3679026, 3678951, 3677696, 3674618, 3674443, 3674421, 3660075, 3659599, 3656186, 3655593, 3651502, 3651040, 3650836, 3650345, 3647480, 3647250, 3647172, 3647058, 3646955, 3646912, 3646903, 3646891, 3646491, 3646484, 3646459, 3646047, 3646018, 3643039, 3642116, 3642104, 3641870, 3641789, 3641774, 3641748, 3641518, 3641442, 3637827, 3637821, 3628246, 3628187, 3623844, 3623688, 3614554, 3614547, 3611784, 3611776, 3611768, 3611233, 3611216, 3608451, 3608441, 3606145, 3602398, 3602364, 3602266, 3601864, 3601828, 3592808, 3592793, 3589433, 3589416, 3589385, 3589378, 3589309, 3589239, 3589092, 3589034, 3589005, 3588631, 3588568, 3588562, 3588139, 3574951, 3574851, 3574687, 3574633, 3574372, 3574265, 3569892, 3555921, 3546994, 3546256, 3545461, 3545292, 3545262, 3542835, 3542749, 3541712, 3531843, 3517578, 3508510, 3508418, 3508406, 3508371, 3508114, 3508074, 3488248, 3488218, 3488209, 3477928, 3469567, 3469559, 3469558, 3469531, 3459059, 3459013, 3455394, 3455095, 3455090, 3455076, 3445900, 3445853, 3445830, 3445607, 3432650, 3432241, 3354673, 3327592, 3327587, 3302715, 3302703 ]
        }
    http_version: 
  recorded_at: Sun, 31 May 2015 07:37:13 GMT
- request:
    method: get
    uri: https://hacker-news.firebaseio.com/v0/item/9632852.json?print=pretty
    body:
      encoding: US-ASCII
      string: ''
    headers:
      User-Agent:
      - Faraday v0.9.1
      Accept-Encoding:
      - gzip;q=1.0,deflate;q=0.6,identity;q=0.3
      Accept:
      - "*/*"
  response:
    status:
      code: 200
      message: OK
    headers:
      Content-Length:
      - '328'
      Strict-Transport-Security:
      - max-age=31556926; includeSubDomains; preload
      Content-Type:
      - application/json; charset=utf-8
      Cache-Control:
      - no-cache
    body:
      encoding: ASCII-8BIT
      string: !binary |-
        ewogICJieSIgOiAiaXN0dmFuX18iLAogICJkZXNjZW5kYW50cyIgOiA0LAog
        ICJpZCIgOiA5NjMyODUyLAogICJraWRzIiA6IFsgOTYzMzE4MywgOTYzMzE4
        NyBdLAogICJzY29yZSIgOiAyMiwKICAidGV4dCIgOiAiIiwKICAidGltZSIg
        OiAxNDMzMDQwODE4LAogICJ0aXRsZSIgOiAiQ2hpbmHigJlzIE5ldyBTaWxr
        IFJvYWQ6IEltcGxpY2F0aW9ucyBmb3IgdGhlIFVTIiwKICAidHlwZSIgOiAi
        c3RvcnkiLAogICJ1cmwiIDogImh0dHA6Ly95YWxlZ2xvYmFsLnlhbGUuZWR1
        L2NvbnRlbnQvY2hpbmElRTIlODAlOTlzLW5ldy1zaWxrLXJvYWQtaW1wbGlj
        YXRpb25zLXVzIgp9Cg==
    http_version: 
  recorded_at: Sun, 31 May 2015 07:37:14 GMT
- request:
    method: get
    uri: https://hacker-news.firebaseio.com/v0/user/istvan__.json?print=pretty
    body:
      encoding: US-ASCII
      string: ''
    headers:
      User-Agent:
      - Faraday v0.9.1
      Accept-Encoding:
      - gzip;q=1.0,deflate;q=0.6,identity;q=0.3
      Accept:
      - "*/*"
  response:
    status:
      code: 200
      message: OK
    headers:
      Content-Length:
      - '1900'
      Strict-Transport-Security:
      - max-age=31556926; includeSubDomains; preload
      Content-Type:
      - application/json; charset=utf-8
      Cache-Control:
      - no-cache
    body:
      encoding: UTF-8
      string: |
        {
          "about" : "",
          "created" : 1414648058,
          "delay" : 0,
          "id" : "istvan__",
          "karma" : 294,
          "submitted" : [ 9632852, 9632129, 9632097, 9632063, 9632038, 9631385, 9631380, 9628116, 9626300, 9626286, 9625276, 9622449, 9601328, 9596722, 9590522, 9590513, 9586597, 9586163, 9586106, 9585864, 9584156, 9583977, 9580333, 9579853, 9579140, 9579111, 9578418, 9577643, 9577442, 9560833, 9560830, 9560788, 9552516, 9552503, 9551961, 9551716, 9551564, 9548541, 9547286, 9547224, 9545750, 9541993, 9541872, 9540919, 9540893, 9540409, 9536089, 9535993, 9522576, 9521274, 9518942, 9515093, 9515092, 9514069, 9513934, 9513661, 9509859, 9509804, 9509689, 9508389, 9506317, 9505721, 9503472, 9503048, 9502907, 9502882, 9502367, 9501284, 9501207, 9501178, 9499311, 9499301, 9495992, 9495716, 9490752, 9488341, 9487484, 9487253, 9486747, 9484181, 9483517, 9483460, 9483328, 9483246, 9483216, 9483203, 9483187, 9482628, 9479837, 9479821, 9479811, 9479810, 9479806, 9479610, 9477937, 9477904, 9475002, 9474989, 9474906, 9474883, 9474869, 9468845, 9468682, 9467588, 9466382, 9463304, 9462613, 9462524, 9462465, 9461579, 9461570, 9461152, 9459988, 9456095, 9455927, 9455846, 9455777, 9455770, 9455760, 9454974, 9454097, 9453133, 9446933, 9446920, 9443039, 9442618, 9442612, 9435846, 9435816, 9431491, 9431029, 9429618, 9427966, 9427263, 9427172, 9425017, 9424966, 9424777, 9423235, 9416983, 9412078, 9411256, 9408760, 9408485, 9408432, 9400876, 9400873, 9398226, 9397085, 9397018, 9395865, 9395587, 9390991, 9390955, 9381871, 9379024, 9367917, 9359734, 9358858, 9358693, 9358649, 9355356, 9352102, 9319724, 9317039, 9313121, 9311825, 9308445, 9257293, 9245368, 9232578, 9188370, 9154847, 9105225, 9099083, 9082972, 9078361, 9078270, 9071966, 9066587, 8997920, 8991998, 8988266, 8970201, 8970176, 8940379, 8921571, 8915484, 8903236, 8890662, 8890087, 8786791, 8760974, 8633762, 8576121, 8551949, 8549161, 8531619 ]
        }
    http_version: 
  recorded_at: Sun, 31 May 2015 07:37:15 GMT
- request:
    method: get
    uri: https://hacker-news.firebaseio.com/v0/item/9633294.json?print=pretty
    body:
      encoding: US-ASCII
      string: ''
    headers:
      User-Agent:
      - Faraday v0.9.1
      Accept-Encoding:
      - gzip;q=1.0,deflate;q=0.6,identity;q=0.3
      Accept:
      - "*/*"
  response:
    status:
      code: 200
      message: OK
    headers:
      Content-Length:
      - '294'
      Strict-Transport-Security:
      - max-age=31556926; includeSubDomains; preload
      Content-Type:
      - application/json; charset=utf-8
      Cache-Control:
      - no-cache
    body:
      encoding: UTF-8
      string: |
        {
          "by" : "petethomas",
          "descendants" : 0,
          "id" : 9633294,
          "score" : 5,
          "text" : "",
          "time" : 1433053793,
          "title" : "A flaw in the design of the Internet",
          "type" : "story",
          "url" : "http://www.washingtonpost.com/sf/business/2015/05/30/net-of-insecurity-part-1/?tid=HP_more"
        }
    http_version: 
  recorded_at: Sun, 31 May 2015 07:37:17 GMT
- request:
    method: get
    uri: https://hacker-news.firebaseio.com/v0/user/petethomas.json?print=pretty
    body:
      encoding: US-ASCII
      string: ''
    headers:
      User-Agent:
      - Faraday v0.9.1
      Accept-Encoding:
      - gzip;q=1.0,deflate;q=0.6,identity;q=0.3
      Accept:
      - "*/*"
  response:
    status:
      code: 200
      message: OK
    headers:
      Content-Length:
      - '6859'
      Strict-Transport-Security:
      - max-age=31556926; includeSubDomains; preload
      Content-Type:
      - application/json; charset=utf-8
      Cache-Control:
      - no-cache
    body:
      encoding: UTF-8
      string: |
        {
          "about" : "@peterthomas cto at c2fo",
          "created" : 1279132473,
          "delay" : 0,
          "id" : "petethomas",
          "karma" : 5873,
          "submitted" : [ 9633294, 9624123, 9617765, 9616034, 9615903, 9598337, 9584608, 9575774, 9574454, 9571399, 9562655, 9556082, 9549858, 9547664, 9547190, 9544578, 9541649, 9539702, 9539690, 9531610, 9530234, 9528960, 9526190, 9526075, 9525707, 9525622, 9511475, 9510989, 9509488, 9493867, 9493517, 9490330, 9486774, 9476999, 9475068, 9452809, 9452186, 9451175, 9446706, 9446666, 9441522, 9441081, 9436723, 9434619, 9417926, 9410275, 9403385, 9373545, 9340169, 9340157, 9300520, 9292568, 9292288, 9267184, 9248502, 9241190, 9184612, 9164175, 9147815, 9147796, 9129704, 9125854, 9125450, 9112267, 9100265, 9096934, 9096785, 9093979, 9087610, 9085617, 9073514, 9070164, 9068067, 9055111, 9041648, 9028814, 9027149, 9023930, 9023599, 9014020, 8998032, 8994961, 8990281, 8979886, 8966499, 8964226, 8904382, 8880619, 8873689, 8843191, 8842424, 8822145, 8815813, 8801886, 8801866, 8791255, 8770330, 8769968, 8758261, 8755902, 8755666, 8754478, 8750605, 8750502, 8744153, 8734400, 8732079, 8720681, 8702863, 8685346, 8631811, 8526954, 8524374, 8483733, 8481542, 8457172, 8418942, 8400082, 8399370, 8386308, 8386296, 8386276, 8386254, 8376362, 8376360, 8376359, 8375527, 8375466, 8370474, 8365369, 8323889, 8322542, 8302081, 8288204, 8284460, 8283292, 8283275, 8279707, 8277302, 8277218, 8277130, 8244701, 8244129, 8200360, 8179628, 8179622, 8167398, 8161660, 8161315, 8149715, 8145457, 8113696, 8106264, 8083307, 8068508, 8068493, 8040323, 8024328, 8021831, 7989047, 7968997, 7963478, 7958313, 7952457, 7937457, 7894807, 7872250, 7869433, 7856863, 7842376, 7822789, 7822631, 7817068, 7812780, 7805551, 7796046, 7783228, 7782224, 7780584, 7777600, 7774787, 7765173, 7765047, 7759219, 7737916, 7736178, 7724323, 7689489, 7689335, 7686860, 7670862, 7658356, 7644478, 7638457, 7627028, 7597514, 7596142, 7586016, 7573847, 7545516, 7531239, 7512007, 7509972, 7477255, 7464053, 7420437, 7389739, 7385926, 7381682, 7381621, 7377170, 7354398, 7346709, 7344093, 7342934, 7338852, 7317441, 7302888, 7302644, 7302469, 7302431, 7297849, 7297840, 7295762, 7294810, 7275196, 7271499, 7268469, 7261887, 7261544, 7261538, 7250213, 7242554, 7234068, 7232064, 7223196, 7220607, 7218284, 7214317, 7214156, 7199806, 7197984, 7193159, 7192136, 7181047, 7175135, 7174934, 7174905, 7174747, 7173937, 7163330, 7155011, 7136670, 7119243, 7115662, 7114667, 7111352, 7111098, 7105817, 7101861, 7098347, 7094039, 7083871, 7075051, 7073772, 7061743, 7061719, 7056098, 7055264, 7055115, 7054925, 7044881, 7031202, 7028652, 7009748, 6973510, 6960945, 6952290, 6948506, 6946805, 6939710, 6919419, 6905755, 6904435, 6904219, 6903022, 6899710, 6892856, 6887907, 6887731, 6887075, 6873986, 6867056, 6867030, 6853376, 6838994, 6788804, 6747680, 6740456, 6682242, 6670697, 6665752, 6665601, 6633943, 6624703, 6591112, 6589934, 6559682, 6556360, 6545538, 6523980, 6505950, 6490065, 6462879, 6352560, 6319948, 6258396, 6176932, 6145165, 6136671, 6123665, 6123470, 6111816, 6111571, 6111566, 6049402, 6044521, 6034872, 6020391, 6013580, 5911291, 5866006, 5678687, 5677878, 5662066, 5645287, 5643164, 5551528, 5522817, 5461110, 5014073, 4837640, 4804669, 4447199, 4420662, 4410746, 4406979, 4402804, 4399492, 4392000, 4266453, 4233024, 4029029, 3852571, 3828702, 3786032, 3768160, 3756788, 3756768, 3704140, 3694660, 3689247, 3656028, 3621037, 3594147, 3594046, 3580863, 3468857, 3441420, 3385271, 3369221, 3340067, 3250259, 3248344, 3248335, 3243470, 3239569, 3157045, 3146241, 3087742, 3058871, 3050952, 3049350, 3047193, 3037467, 3037461, 3037054, 3037049, 3035793, 3021513, 3011464, 3010366, 3007135, 3006730, 2986259, 2986253, 2985688, 2944094, 2935669, 2935651, 2928487, 2926539, 2838223, 2836570, 2826511, 2776177, 2750497, 2746663, 2712270, 2706118, 2705849, 2701880, 2692265, 2691799, 2687580, 2685890, 2685488, 2685448, 2666993, 2663369, 2654764, 2654676, 2642107, 2636104, 2623735, 2622283, 2615650, 2609913, 2593671, 2586673, 2586638, 2581295, 2581057, 2578592, 2578501, 2576344, 2574863, 2569248, 2560626, 2559838, 2559052, 2558990, 2543553, 2543457, 2542334, 2542288, 2540772, 2536495, 2529475, 2529458, 2529203, 2527658, 2527653, 2522408, 2519126, 2519101, 2518503, 2510857, 2507912, 2499671, 2499648, 2499386, 2489103, 2487858, 2487839, 2485749, 2485701, 2485227, 2485222, 2475818, 2464852, 2462188, 2460585, 2460482, 2456677, 2453895, 2452910, 2452470, 2444195, 2437344, 2436728, 2407891, 2405079, 2405019, 2403453, 2403250, 2394733, 2382281, 2365607, 2363007, 2356838, 2356289, 2356167, 2355353, 2354089, 2343001, 2341429, 2341187, 2339391, 2339383, 2339260, 2339125, 2337851, 2337839, 2335251, 2335168, 2334116, 2332709, 2324477, 2306147, 2305771, 2302467, 2298169, 2295684, 2286885, 2286881, 2285828, 2284676, 2284067, 2282152, 2281872, 2278654, 2275952, 2270024, 2269599, 2265025, 2263250, 2263233, 2262313, 2256652, 2256639, 2256629, 2255405, 2254399, 2247298, 2243097, 2239542, 2229851, 2229830, 2224972, 2222713, 2222453, 2222389, 2221174, 2218516, 2218067, 2210979, 2209464, 2208811, 2205427, 2205395, 2204288, 2204142, 2204139, 2204135, 2203579, 2201771, 2201766, 2200961, 2200704, 2200658, 2200084, 2198026, 2197225, 2197204, 2197202, 2195415, 2195286, 2195209, 2192983, 2192723, 2191749, 2191540, 2188676, 2187455, 2187447, 2185554, 2185539, 2182939, 2182935, 2182930, 2182387, 2182115, 2182098, 2182089, 2178330, 2178313, 2176658, 2175390, 2174453, 2174452, 2168225, 2168044, 2165641, 2165486, 2164774, 2164772, 2164766, 2163238, 2162224, 2162009, 2160474, 2159315, 2154312, 2153436, 2153433, 2152601, 2152594, 2141940, 2141801, 2141713, 2140531, 2140523, 2132722, 2127910, 2125054, 2122456, 2121942, 2118791, 2118414, 2113764, 2106444, 2104364, 2102314, 2096398, 2096222, 2077057, 2073757, 2073722, 2073602, 2073512, 2073501, 2070741, 2070735, 2069628, 2069609, 2066468, 2066460, 2054276, 2051406, 2050947, 2050934, 2050124, 2044771, 2041952, 2035953, 2035554, 2034262, 2031547, 2030525, 2030480, 2030201, 2030162, 2030156, 2028762, 2026870, 2026397, 2025136, 2024108, 2024104, 2023140, 2023135, 2007591, 2004320, 1984272, 1984217, 1983758, 1981952, 1981926, 1980804, 1977471, 1973472, 1966178, 1965665, 1964679, 1964663, 1964635, 1964514, 1962916, 1960854, 1958465, 1958003, 1956690, 1955014, 1954638, 1954360, 1950754, 1950580, 1949039, 1941385, 1941366, 1939563, 1935444, 1935407, 1923769, 1923762, 1922036, 1921098, 1921090, 1896500, 1887955, 1881367, 1875184, 1871766, 1866887, 1852283, 1837846, 1837198, 1837087, 1832738, 1832343, 1832340, 1831325, 1829580, 1829340, 1828003, 1827992, 1822516, 1821010, 1818471, 1815195, 1814416, 1814414, 1813506, 1807356, 1806514, 1806509, 1805528, 1802727, 1802713, 1801582, 1801568, 1797193, 1797185, 1790607, 1790600, 1745685, 1712395, 1694786, 1691506, 1591081, 1591073, 1590152, 1566314, 1547261, 1525797 ]
        }
    http_version: 
  recorded_at: Sun, 31 May 2015 07:37:18 GMT
recorded_with: VCR 2.9.3
